Archive member included to satisfy reference by file (symbol)

c:/program files/microchip/xc32/v4.50/bin/bin/../../lib/gcc/pic32mx/8.3.1\libgcc.a(_udivdi3.o)
                              build/default/debug/_ext/1417409628/sys_tmr.o (__udivdi3)
c:/program files/microchip/xc32/v4.50/bin/bin/../../lib/gcc/pic32mx/8.3.1\libgcc.a(floatunsisf.o)
                              build/default/debug/_ext/1360937237/accel.o (__floatunsisf)
c:/program files/microchip/xc32/v4.50/bin/bin/../../lib/gcc/pic32mx/8.3.1/../../../../pic32mx/lib\libpic32.a(default-bootstrap-exception-handler.o)
                              C:\Users\Flore\AppData\Local\Temp\ccmDto3m.o (_bootstrap_exception_handler)
c:/program files/microchip/xc32/v4.50/bin/bin/../../lib/gcc/pic32mx/8.3.1/../../../../pic32mx/lib\libpic32.a(default-on-reset.o)
                              C:\Users\Flore\AppData\Local\Temp\ccmDto3m.o (_on_reset)
c:/program files/microchip/xc32/v4.50/bin/bin/../../lib/gcc/pic32mx/8.3.1/../../../../pic32mx/lib\libpic32.a(default-on-bootstrap.o)
                              C:\Users\Flore\AppData\Local\Temp\ccmDto3m.o (_on_bootstrap)
c:/program files/microchip/xc32/v4.50/bin/bin/../../lib/gcc/pic32mx/8.3.1/../../../../pic32mx/lib\libpic32.a(default-nmi-handler.o)
                              C:\Users\Flore\AppData\Local\Temp\ccmDto3m.o (_nmi_handler)
c:/program files/microchip/xc32/v4.50/bin/bin/../../lib/gcc/pic32mx/8.3.1/../../../../pic32mx/lib\libpic32.a(pic32_data_init_core.o)
                              C:\Users\Flore\AppData\Local\Temp\ccmDto3m.o (__pic32_data_init)
c:/program files/microchip/xc32/v4.50/bin/bin/../../lib/gcc/pic32mx/8.3.1/../../../../pic32mx/lib\libpic32.a(general-exception.o)
                              C:\Users\Flore\AppData\Local\Temp\ccmDto3m.o (_general_exception_context)
c:/program files/microchip/xc32/v4.50/bin/bin/../../lib/gcc/pic32mx/8.3.1/../../../../pic32mx/lib\libpic32.a(vector0.o)
                              C:\Users\Flore\AppData\Local\Temp\ccqw8VMg.o (__vector_dispatch_0)
c:/program files/microchip/xc32/v4.50/bin/bin/../../lib/gcc/pic32mx/8.3.1/../../../../pic32mx/lib\libpic32.a(vector1.o)
                              C:\Users\Flore\AppData\Local\Temp\ccqw8VMg.o (__vector_dispatch_1)
c:/program files/microchip/xc32/v4.50/bin/bin/../../lib/gcc/pic32mx/8.3.1/../../../../pic32mx/lib\libpic32.a(vector2.o)
                              C:\Users\Flore\AppData\Local\Temp\ccqw8VMg.o (__vector_dispatch_2)
c:/program files/microchip/xc32/v4.50/bin/bin/../../lib/gcc/pic32mx/8.3.1/../../../../pic32mx/lib\libpic32.a(vector3.o)
                              C:\Users\Flore\AppData\Local\Temp\ccqw8VMg.o (__vector_dispatch_3)
c:/program files/microchip/xc32/v4.50/bin/bin/../../lib/gcc/pic32mx/8.3.1/../../../../pic32mx/lib\libpic32.a(vector5.o)
                              C:\Users\Flore\AppData\Local\Temp\ccqw8VMg.o (__vector_dispatch_5)
c:/program files/microchip/xc32/v4.50/bin/bin/../../lib/gcc/pic32mx/8.3.1/../../../../pic32mx/lib\libpic32.a(vector6.o)
                              C:\Users\Flore\AppData\Local\Temp\ccqw8VMg.o (__vector_dispatch_6)
c:/program files/microchip/xc32/v4.50/bin/bin/../../lib/gcc/pic32mx/8.3.1/../../../../pic32mx/lib\libpic32.a(vector7.o)
                              C:\Users\Flore\AppData\Local\Temp\ccqw8VMg.o (__vector_dispatch_7)
c:/program files/microchip/xc32/v4.50/bin/bin/../../lib/gcc/pic32mx/8.3.1/../../../../pic32mx/lib\libpic32.a(vector8.o)
                              C:\Users\Flore\AppData\Local\Temp\ccqw8VMg.o (__vector_dispatch_8)
c:/program files/microchip/xc32/v4.50/bin/bin/../../lib/gcc/pic32mx/8.3.1/../../../../pic32mx/lib\libpic32.a(vector9.o)
                              C:\Users\Flore\AppData\Local\Temp\ccqw8VMg.o (__vector_dispatch_9)
c:/program files/microchip/xc32/v4.50/bin/bin/../../lib/gcc/pic32mx/8.3.1/../../../../pic32mx/lib\libpic32.a(vector10.o)
                              C:\Users\Flore\AppData\Local\Temp\ccqw8VMg.o (__vector_dispatch_10)
c:/program files/microchip/xc32/v4.50/bin/bin/../../lib/gcc/pic32mx/8.3.1/../../../../pic32mx/lib\libpic32.a(vector11.o)
                              C:\Users\Flore\AppData\Local\Temp\ccqw8VMg.o (__vector_dispatch_11)
c:/program files/microchip/xc32/v4.50/bin/bin/../../lib/gcc/pic32mx/8.3.1/../../../../pic32mx/lib\libpic32.a(vector12.o)
                              C:\Users\Flore\AppData\Local\Temp\ccqw8VMg.o (__vector_dispatch_12)
c:/program files/microchip/xc32/v4.50/bin/bin/../../lib/gcc/pic32mx/8.3.1/../../../../pic32mx/lib\libpic32.a(vector13.o)
                              C:\Users\Flore\AppData\Local\Temp\ccqw8VMg.o (__vector_dispatch_13)
c:/program files/microchip/xc32/v4.50/bin/bin/../../lib/gcc/pic32mx/8.3.1/../../../../pic32mx/lib\libpic32.a(vector14.o)
                              C:\Users\Flore\AppData\Local\Temp\ccqw8VMg.o (__vector_dispatch_14)
c:/program files/microchip/xc32/v4.50/bin/bin/../../lib/gcc/pic32mx/8.3.1/../../../../pic32mx/lib\libpic32.a(vector15.o)
[...]
Memory Configuration

Name             Origin             Length             Attributes
kseg0_data_mem   0x0000000080000000 0x0000000000000200
kseg1_data_mem   0x00000000a0000000 0x0000000000020000 w !x
kseg0_boot_mem   0x000000009fc00490 0x0000000000000970
kseg1_boot_mem   0x00000000bfc00000 0x0000000000000490
kseg0_program_mem 0x000000009d000000 0x0000000000080000 xr
exception_mem    0x000000009fc01000 0x0000000000001000
debug_exec_mem   0x00000000bfc02000 0x0000000000000ff0
config3          0x00000000bfc02ff0 0x0000000000000004
config2          0x00000000bfc02ff4 0x0000000000000004
config1          0x00000000bfc02ff8 0x0000000000000004
config0          0x00000000bfc02ffc 0x0000000000000004
sfrs             0x00000000bf800000 0x0000000000100000
configsfrs       0x00000000bfc02ff0 0x0000000000000010
*default*        0x0000000000000000 0xffffffffffffffff

Linker script and memory map


reserve_data_0_kseg0
                0x0000000080000000      0x200
                0x0000000080000000        0x2 SHORT 0x0
                0x00000000000001fd                . = 0x1fd
 *fill*         0x0000000080000002      0x1fb 
                0x0000000080000200                . = ALIGN (0x4)
 *fill*         0x00000000800001fd        0x3 

reserve_data_0_kseg1
                0x00000000a0000000      0x200
                0x00000000a0000000        0x2 SHORT 0x0
                0x00000000000001fd                . = 0x1fd
 *fill*         0x00000000a0000002      0x1fb 
                0x00000000a0000200                . = ALIGN (0x4)
 *fill*         0x00000000a00001fd        0x3 

reserve_boot_0x1fc02000_kseg0
                0x000000009fc02000      0xff0
                0x000000009fc02000        0x2 SHORT 0x0
                0x0000000000000760                . = 0x760
 *fill*         0x000000009fc02002      0x75e 
                0x000000009fc02760                . = ALIGN (0x4)
                0x000000009fc02760        0x2 SHORT 0x0
                0x0000000000000ff0                . = 0xff0
 *fill*         0x000000009fc02762      0x88e 
                0x000000009fc02ff0                . = ALIGN (0x4)

reserve_boot_0x1fc02000_kseg1
                0x00000000bfc02000      0xff0
                0x00000000bfc02000        0x2 SHORT 0x0
                0x0000000000000760                . = 0x760
 *fill*         0x00000000bfc02002      0x75e 
                0x00000000bfc02760                . = ALIGN (0x4)
                0x00000000bfc02760        0x2 SHORT 0x0
                0x0000000000000ff0                . = 0xff0
 *fill*         0x00000000bfc02762      0x88e 
                0x00000000bfc02ff0                . = ALIGN (0x4)
LOAD c:/program files/microchip/xc32/v4.50/bin/bin/../../lib/gcc/pic32mx/8.3.1/../../../../pic32mx/lib\software-debug-break.o
LOAD build/default/debug/_ext/1360937237/led.o
LOAD build/default/debug/_ext/1360937237/ssd.o
LOAD build/default/debug/_ext/1360937237/accel.o
LOAD build/default/debug/_ext/1360937237/i2c.o
LOAD build/default/debug/_ext/1360937237/lcd.o
LOAD build/default/debug/rgbled.o
LOAD build/default/debug/_ext/996065237/drv_encx24j600_spi_bus.o
LOAD build/default/debug/_ext/1600828880/drv_encx24j600_closed_state.o
LOAD build/default/debug/_ext/472602724/drv_encx24j600_initialization_state.o
LOAD build/default/debug/_ext/472602724/drv_encx24j600_configure_state.o
LOAD build/default/debug/_ext/472602724/drv_encx24j600_detect_state.o
LOAD build/default/debug/_ext/472602724/drv_encx24j600_reset_state.o
LOAD build/default/debug/_ext/1728422854/drv_encx24j600_tx_packet.o
LOAD build/default/debug/_ext/1728422854/drv_encx24j600_rx_packet.o
LOAD build/default/debug/_ext/999618079/drv_encx24j600_running_state.o
LOAD build/default/debug/_ext/999618079/drv_encx24j600_change_duplex_state.o
LOAD build/default/debug/_ext/999618079/drv_encx24j600_check_int_state.o
LOAD build/default/debug/_ext/999618079/drv_encx24j600_check_status_state.o
LOAD build/default/debug/_ext/999618079/drv_encx24j600_check_tx_status_state.o
LOAD build/default/debug/_ext/999618079/drv_encx24j600_reset_rx_state.o
LOAD build/default/debug/_ext/820865379/drv_encx24j600_api.o
LOAD build/default/debug/_ext/820865379/drv_encx24j600_main_state.o
LOAD build/default/debug/_ext/820865379/drv_encx24j600_utils.o
LOAD build/default/debug/_ext/977502197/drv_spi_tasks.o
LOAD build/default/debug/_ext/977502197/drv_spi_api.o
LOAD build/default/debug/_ext/977502197/drv_spi_master_ebm_tasks.o
LOAD build/default/debug/_ext/915312864/drv_spi.o
LOAD build/default/debug/_ext/2077795248/drv_spi_sys_queue_fifo.o
LOAD build/default/debug/_ext/1298913485/drv_tmr.o
LOAD build/default/debug/_ext/327000265/drv_usart_mapping.o
LOAD build/default/debug/_ext/327000265/drv_usart_static.o
LOAD build/default/debug/_ext/327000265/drv_usart_static_buffer_queue.o
LOAD build/default/debug/_ext/327000265/drv_usart_static_read_write.o
LOAD build/default/debug/_ext/639803181/sys_clk_pic32mx.o
LOAD build/default/debug/_ext/2001008086/sys_command.o
LOAD build/default/debug/_ext/1544295906/sys_console.o
LOAD build/default/debug/_ext/1544295906/sys_console_uart.o
LOAD build/default/debug/_ext/340578644/sys_devcon.o
LOAD build/default/debug/_ext/340578644/sys_devcon_pic32mx.o
LOAD build/default/debug/_ext/1735427962/sys_int_pic32.o
LOAD build/default/debug/_ext/822048611/sys_ports_static.o
LOAD build/default/debug/_ext/327917790/sys_random.o
LOAD build/default/debug/_ext/68765530/sys_reset.o
LOAD build/default/debug/_ext/1417409628/sys_tmr.o
LOAD build/default/debug/_ext/1881663949/helpers.o
LOAD build/default/debug/_ext/26143033/ipv4.o
LOAD build/default/debug/_ext/26143033/udp.o
LOAD build/default/debug/_ext/26143033/tcpip_heap_alloc.o
LOAD build/default/debug/_ext/26143033/tcpip_heap_internal.o
LOAD build/default/debug/_ext/26143033/arp.o
LOAD build/default/debug/_ext/26143033/dns.o
LOAD build/default/debug/_ext/26143033/hash_fnv.o
LOAD build/default/debug/_ext/26143033/oahash.o
LOAD build/default/debug/_ext/26143033/tcpip_helpers.o
LOAD build/default/debug/_ext/26143033/tcpip_helper_c32.o
LOAD build/default/debug/_ext/26143033/tcpip_manager.o
LOAD build/default/debug/_ext/26143033/tcpip_notify.o
LOAD build/default/debug/_ext/26143033/tcpip_packet.o
LOAD build/default/debug/_ext/1688732426/system_init.o
LOAD build/default/debug/_ext/1688732426/system_interrupt.o
LOAD build/default/debug/_ext/1688732426/system_tasks.o
LOAD build/default/debug/_ext/1360937237/app_commands.o
LOAD build/default/debug/_ext/1360937237/UDP_app.o
LOAD build/default/debug/_ext/1360937237/main.o
                0x0000000000000001                __MPLAB_BUILD = 0x1
                0x0000000000000001                __MPLAB_DEBUG = 0x1
                0x0000000000000001                __DEBUG = 0x1
                0x0000000000000001                __MPLAB_DEBUGGER_PK3 = 0x1
                0x000000000000afa0                _min_heap_size = 0xafa0
LOAD C:\Users\Flore\AppData\Local\Temp\ccmDto3m.o
LOAD C:\Users\Flore\AppData\Local\Temp\cc3ZzrAd.o
LOAD C:\Users\Flore\AppData\Local\Temp\ccqw8VMg.o
LOAD c:/program files/microchip/xc32/v4.50/bin/bin/../../lib/gcc/pic32mx/8.3.1/../../../../pic32mx/lib\pic32_software_reset.o
LOAD c:/program files/microchip/xc32/v4.50/bin/bin/../../lib/gcc/pic32mx/8.3.1\libgcc.a
START GROUP
LOAD c:/program files/microchip/xc32/v4.50/bin/bin/../../lib/gcc/pic32mx/8.3.1/../../../../pic32mx/lib\libpic32.a
LOAD c:/program files/microchip/xc32/v4.50/bin/bin/../../lib/gcc/pic32mx/8.3.1/../../../../pic32mx/lib\libc-size-musl.a
LOAD c:/program files/microchip/xc32/v4.50/bin/bin/../../lib/gcc/pic32mx/8.3.1/../../../../pic32mx/lib\liblmalloc-musl.a
LOAD c:/program files/microchip/xc32/v4.50/bin/bin/../../lib/gcc/pic32mx/8.3.1/../../../../pic32mx/lib\libdebug.a
LOAD c:/program files/microchip/xc32/v4.50/bin/bin/../../lib/gcc/pic32mx/8.3.1/../../../../pic32mx/lib\libc-musl.a
LOAD c:/program files/microchip/xc32/v4.50/bin/bin/../../lib/gcc/pic32mx/8.3.1/../../../../pic32mx/lib\libm.a
LOAD c:/program files/microchip/xc32/v4.50/bin/bin/../../lib/gcc/pic32mx/8.3.1/../../../../pic32mx/lib\libe.a
LOAD c:/program files/microchip/xc32/v4.50/bin/bin/../../lib/gcc/pic32mx/8.3.1/../../../../pic32mx/lib\libm-musl.a
LOAD c:/program files/microchip/xc32/v4.50/bin/bin/../../lib/gcc/pic32mx/8.3.1/../../../../pic32mx/lib\libdsp.a
END GROUP
LOAD c:/program files/microchip/xc32/v4.50/bin/bin/../../lib/gcc/pic32mx/8.3.1\libgcc.a
                0x0000000000000400                PROVIDE (_min_stack_size = 0x400)
START GROUP
LOAD libmchp_peripheral.a
END GROUP
START GROUP
LOAD libmchp_peripheral_32MX370F512L.a
END GROUP
                0x0000000000000001                PROVIDE (_vector_spacing = 0x1)
                0x000000009fc01000                PROVIDE (_ebase_address = 0x9fc01000)
                0x00000000bfc00000                _RESET_ADDR = 0xbfc00000
                0x00000000bfc00380                _BEV_EXCPT_ADDR = 0xbfc00380
                0x00000000bfc00480                _DBG_EXCPT_ADDR = 0xbfc00480
                0x00000000bfc02000                _DBG_CODE_ADDR = 0xbfc02000
                0x0000000000000ff0                _DBG_CODE_SIZE = 0xff0
                0x000000009fc01180                _GEN_EXCPT_ADDR = (_ebase_address + 0x180)

.config_BFC02FF0
                0x00000000bfc02ff0        0x4
 *(.config_BFC02FF0)
 .config_BFC02FF0
                0x00000000bfc02ff0        0x4 build/default/debug/_ext/1688732426/system_init.o
                0x00000000bfc02ff0                __config_BFC02FF0

.config_BFC02FF4
                0x00000000bfc02ff4        0x4
 *(.config_BFC02FF4)
 .config_BFC02FF4
                0x00000000bfc02ff4        0x4 build/default/debug/_ext/1688732426/system_init.o
                0x00000000bfc02ff4                __config_BFC02FF4

.config_BFC02FF8
                0x00000000bfc02ff8        0x4
 *(.config_BFC02FF8)
 .config_BFC02FF8
                0x00000000bfc02ff8        0x4 build/default/debug/_ext/1688732426/system_init.o
                0x00000000bfc02ff8                __config_BFC02FF8

.config_BFC02FFC
                0x00000000bfc02ffc        0x4
 *(.config_BFC02FFC)
 .config_BFC02FFC
                0x00000000bfc02ffc        0x4 build/default/debug/_ext/1688732426/system_init.o
                0x00000000bfc02ffc                __config_BFC02FFC

.reset          0x00000000bfc00000      0x19c
 *(.reset)
 .reset         0x00000000bfc00000        0x8 C:\Users\Flore\AppData\Local\Temp\ccmDto3m.o
                0x00000000bfc00000                _reset
 *(.reset.startup)
 .reset.startup
                0x00000000bfc00008      0x194 C:\Users\Flore\AppData\Local\Temp\ccmDto3m.o
                0x00000000bfc00008                _startup

.bev_excpt      0x00000000bfc00380       0x10
 *(.bev_handler)
 .bev_handler   0x00000000bfc00380       0x10 C:\Users\Flore\AppData\Local\Temp\ccmDto3m.o

.dbg_excpt      0x00000000bfc00480        0x0
                0x00000000bfc00480                . = (. + DEFINED (_DEBUGGER)?0x8:0x0)

.dbg_code       0x00000000bfc02000        0x0
                0x00000000bfc02000                . = (. + DEFINED (_DEBUGGER)?_DBG_CODE_SIZE:0x0)

.app_excpt      0x000000009fc01180       0x10
 *(.gen_handler)
 .gen_handler   0x000000009fc01180       0x10 C:\Users\Flore\AppData\Local\Temp\ccmDto3m.o

.vector_0       0x000000009fc01200        0x8
 *(.vector_0)
 .vector_0      0x000000009fc01200        0x8 c:/program files/microchip/xc32/v4.50/bin/bin/../../lib/gcc/pic32mx/8.3.1/../../../../pic32mx/lib\libpic32.a(vector0.o)
                0x000000009fc01200                __vector_dispatch_0
                0x0000000000000001                ASSERT (((_vector_spacing == 0x0) || (SIZEOF (.vector_0) <= (_vector_spacing << 0x5))), function at exception vector 0 too large)

.vector_1       0x000000009fc01220        0x8
 *(.vector_1)
 .vector_1      0x000000009fc01220        0x8 c:/program files/microchip/xc32/v4.50/bin/bin/../../lib/gcc/pic32mx/8.3.1/../../../../pic32mx/lib\libpic32.a(vector1.o)
                0x000000009fc01220                __vector_dispatch_1
                0x0000000000000001                ASSERT (((_vector_spacing == 0x0) || (SIZEOF (.vector_1) <= (_vector_spacing << 0x5))), function at exception vector 1 too large)

.vector_2       0x000000009fc01240        0x8
 *(.vector_2)
 .vector_2      0x000000009fc01240        0x8 c:/program files/microchip/xc32/v4.50/bin/bin/../../lib/gcc/pic32mx/8.3.1/../../../../pic32mx/lib\libpic32.a(vector2.o)
                0x000000009fc01240                __vector_dispatch_2
                0x0000000000000001                ASSERT (((_vector_spacing == 0x0) || (SIZEOF (.vector_2) <= (_vector_spacing << 0x5))), function at exception vector 2 too large)

.vector_3       0x000000009fc01260        0x8
 *(.vector_3)
 .vector_3      0x000000009fc01260        0x8 c:/program files/microchip/xc32/v4.50/bin/bin/../../lib/gcc/pic32mx/8.3.1/../../../../pic32mx/lib\libpic32.a(vector3.o)
                0x000000009fc01260                __vector_dispatch_3
                0x0000000000000001                ASSERT (((_vector_spacing == 0x0) || (SIZEOF (.vector_3) <= (_vector_spacing << 0x5))), function at exception vector 3 too large)

.vector_4       0x000000009fc01280        0x8
 *(.vector_4)
 .vector_4      0x000000009fc01280        0x8 build/default/debug/_ext/1688732426/system_interrupt.o
                0x000000009fc01280                __vector_dispatch_4
                0x0000000000000001                ASSERT (((_vector_spacing == 0x0) || (SIZEOF (.vector_4) <= (_vector_spacing << 0x5))), function at exception vector 4 too large)

.vector_5       0x000000009fc012a0        0x8
 *(.vector_5)
 .vector_5      0x000000009fc012a0        0x8 c:/program files/microchip/xc32/v4.50/bin/bin/../../lib/gcc/pic32mx/8.3.1/../../../../pic32mx/lib\libpic32.a(vector5.o)
                0x000000009fc012a0                __vector_dispatch_5
                0x0000000000000001                ASSERT (((_vector_spacing == 0x0) || (SIZEOF (.vector_5) <= (_vector_spacing << 0x5))), function at exception vector 5 too large)

.vector_6       0x000000009fc012c0        0x8
 *(.vector_6)
 .vector_6      0x000000009fc012c0        0x8 c:/program files/microchip/xc32/v4.50/bin/bin/../../lib/gcc/pic32mx/8.3.1/../../../../pic32mx/lib\libpic32.a(vector6.o)
                0x000000009fc012c0                __vector_dispatch_6
                0x0000000000000001                ASSERT (((_vector_spacing == 0x0) || (SIZEOF (.vector_6) <= (_vector_spacing << 0x5))), function at exception vector 6 too large)

.vector_7       0x000000009fc012e0        0x8
 *(.vector_7)
 .vector_7      0x000000009fc012e0        0x8 c:/program files/microchip/xc32/v4.50/bin/bin/../../lib/gcc/pic32mx/8.3.1/../../../../pic32mx/lib\libpic32.a(vector7.o)
                0x000000009fc012e0                __vector_dispatch_7
                0x0000000000000001                ASSERT (((_vector_spacing == 0x0) || (SIZEOF (.vector_7) <= (_vector_spacing << 0x5))), function at exception vector 7 too large)

.vector_8       0x000000009fc01300        0x8
 *(.vector_8)
 .vector_8      0x000000009fc01300        0x8 c:/program files/microchip/xc32/v4.50/bin/bin/../../lib/gcc/pic32mx/8.3.1/../../../../pic32mx/lib\libpic32.a(vector8.o)
                0x000000009fc01300                __vector_dispatch_8
                0x0000000000000001                ASSERT (((_vector_spacing == 0x0) || (SIZEOF (.vector_8) <= (_vector_spacing << 0x5))), function at exception vector 8 too large)

.vector_9       0x000000009fc01320        0x8
 *(.vector_9)
 .vector_9      0x000000009fc01320        0x8 c:/program files/microchip/xc32/v4.50/bin/bin/../../lib/gcc/pic32mx/8.3.1/../../../../pic32mx/lib\libpic32.a(vector9.o)
                0x000000009fc01320                __vector_dispatch_9
                0x0000000000000001                ASSERT (((_vector_spacing == 0x0) || (SIZEOF (.vector_9) <= (_vector_spacing << 0x5))), function at exception vector 9 too large)

.vector_10      0x000000009fc01340        0x8
 *(.vector_10)
 .vector_10     0x000000009fc01340        0x8 c:/program files/microchip/xc32/v4.50/bin/bin/../../lib/gcc/pic32mx/8.3.1/../../../../pic32mx/lib\libpic32.a(vector10.o)
                0x000000009fc01340                __vector_dispatch_10
                0x0000000000000001                ASSERT (((_vector_spacing == 0x0) || (SIZEOF (.vector_10) <= (_vector_spacing << 0x5))), function at exception vector 10 too large)

.vector_11      0x000000009fc01360        0x8
 *(.vector_11)
 .vector_11     0x000000009fc01360        0x8 c:/program files/microchip/xc32/v4.50/bin/bin/../../lib/gcc/pic32mx/8.3.1/../../../../pic32mx/lib\libpic32.a(vector11.o)
                0x000000009fc01360                __vector_dispatch_11
                0x0000000000000001                ASSERT (((_vector_spacing == 0x0) || (SIZEOF (.vector_11) <= (_vector_spacing << 0x5))), function at exception vector 11 too large)

.vector_12      0x000000009fc01380        0x8
 *(.vector_12)
 .vector_12     0x000000009fc01380        0x8 c:/program files/microchip/xc32/v4.50/bin/bin/../../lib/gcc/pic32mx/8.3.1/../../../../pic32mx/lib\libpic32.a(vector12.o)
                0x000000009fc01380                __vector_dispatch_12
                0x0000000000000001                ASSERT (((_vector_spacing == 0x0) || (SIZEOF (.vector_12) <= (_vector_spacing << 0x5))), function at exception vector 12 too large)

.vector_13      0x000000009fc013a0        0x8
 *(.vector_13)
 .vector_13     0x000000009fc013a0        0x8 c:/program files/microchip/xc32/v4.50/bin/bin/../../lib/gcc/pic32mx/8.3.1/../../../../pic32mx/lib\libpic32.a(vector13.o)
                0x000000009fc013a0                __vector_dispatch_13
                0x0000000000000001                ASSERT (((_vector_spacing == 0x0) || (SIZEOF (.vector_13) <= (_vector_spacing << 0x5))), function at exception vector 13 too large)

.vector_14      0x000000009fc013c0        0x8
 *(.vector_14)
 .vector_14     0x000000009fc013c0        0x8 c:/program files/microchip/xc32/v4.50/bin/bin/../../lib/gcc/pic32mx/8.3.1/../../../../pic32mx/lib\libpic32.a(vector14.o)
                0x000000009fc013c0                __vector_dispatch_14
                0x0000000000000001                ASSERT (((_vector_spacing == 0x0) || (SIZEOF (.vector_14) <= (_vector_spacing << 0x5))), function at exception vector 14 too large)

.vector_15      0x000000009fc013e0        0x8
 *(.vector_15)
 .vector_15     0x000000009fc013e0        0x8 c:/program files/microchip/xc32/v4.50/bin/bin/../../lib/gcc/pic32mx/8.3.1/../../../../pic32mx/lib\libpic32.a(vector15.o)
                0x000000009fc013e0                __vector_dispatch_15
                0x0000000000000001                ASSERT (((_vector_spacing == 0x0) || (SIZEOF (.vector_15) <= (_vector_spacing << 0x5))), function at exception vector 15 too large)

.vector_16      0x000000009fc01400        0x8
 *(.vector_16)
 .vector_16     0x000000009fc01400        0x8 build/default/debug/_ext/1360937237/ssd.o
                0x000000009fc01400                __vector_dispatch_16
                0x0000000000000001                ASSERT (((_vector_spacing == 0x0) || (SIZEOF (.vector_16) <= (_vector_spacing << 0x5))), function at exception vector 16 too large)

.vector_17      0x000000009fc01420        0x8
 *(.vector_17)
 .vector_17     0x000000009fc01420        0x8 c:/program files/microchip/xc32/v4.50/bin/bin/../../lib/gcc/pic32mx/8.3.1/../../../../pic32mx/lib\libpic32.a(vector17.o)
                0x000000009fc01420                __vector_dispatch_17
                0x0000000000000001                ASSERT (((_vector_spacing == 0x0) || (SIZEOF (.vector_17) <= (_vector_spacing << 0x5))), function at exception vector 17 too large)

.vector_18      0x000000009fc01440        0x8
 *(.vector_18)
 .vector_18     0x000000009fc01440        0x8 c:/program files/microchip/xc32/v4.50/bin/bin/../../lib/gcc/pic32mx/8.3.1/../../../../pic32mx/lib\libpic32.a(vector18.o)
                0x000000009fc01440                __vector_dispatch_18
                0x0000000000000001                ASSERT (((_vector_spacing == 0x0) || (SIZEOF (.vector_18) <= (_vector_spacing << 0x5))), function at exception vector 18 too large)

.vector_19      0x000000009fc01460        0x8
 *(.vector_19)
 .vector_19     0x000000009fc01460        0x8 build/default/debug/_ext/1688732426/system_interrupt.o
                0x000000009fc01460                __vector_dispatch_19
                0x0000000000000001                ASSERT (((_vector_spacing == 0x0) || (SIZEOF (.vector_19) <= (_vector_spacing << 0x5))), function at exception vector 19 too large)

.vector_20      0x000000009fc01480        0x8
 *(.vector_20)
 .vector_20     0x000000009fc01480        0x8 c:/program files/microchip/xc32/v4.50/bin/bin/../../lib/gcc/pic32mx/8.3.1/../../../../pic32mx/lib\libpic32.a(vector20.o)
                0x000000009fc01480                __vector_dispatch_20
                0x0000000000000001                ASSERT (((_vector_spacing == 0x0) || (SIZEOF (.vector_20) <= (_vector_spacing << 0x5))), function at exception vector 20 too large)

.vector_21      0x000000009fc014a0        0x8
 *(.vector_21)
 .vector_21     0x000000009fc014a0        0x8 c:/program files/microchip/xc32/v4.50/bin/bin/../../lib/gcc/pic32mx/8.3.1/../../../../pic32mx/lib\libpic32.a(vector21.o)
                0x000000009fc014a0                __vector_dispatch_21
                0x0000000000000001                ASSERT (((_vector_spacing == 0x0) || (SIZEOF (.vector_21) <= (_vector_spacing << 0x5))), function at exception vector 21 too large)

.vector_22      0x000000009fc014c0        0x8
 *(.vector_22)
 .vector_22     0x000000009fc014c0        0x8 c:/program files/microchip/xc32/v4.50/bin/bin/../../lib/gcc/pic32mx/8.3.1/../../../../pic32mx/lib\libpic32.a(vector22.o)
                0x000000009fc014c0                __vector_dispatch_22
                0x0000000000000001                ASSERT (((_vector_spacing == 0x0) || (SIZEOF (.vector_22) <= (_vector_spacing << 0x5))), function at exception vector 22 too large)

.vector_23      0x000000009fc014e0        0x8
 *(.vector_23)
 .vector_23     0x000000009fc014e0        0x8 c:/program files/microchip/xc32/v4.50/bin/bin/../../lib/gcc/pic32mx/8.3.1/../../../../pic32mx/lib\libpic32.a(vector23.o)
                0x000000009fc014e0                __vector_dispatch_23
                0x0000000000000001                ASSERT (((_vector_spacing == 0x0) || (SIZEOF (.vector_23) <= (_vector_spacing << 0x5))), function at exception vector 23 too large)

.vector_24      0x000000009fc01500        0x8
 *(.vector_24)
 .vector_24     0x000000009fc01500        0x8 c:/program files/microchip/xc32/v4.50/bin/bin/../../lib/gcc/pic32mx/8.3.1/../../../../pic32mx/lib\libpic32.a(vector24.o)
                0x000000009fc01500                __vector_dispatch_24
                0x0000000000000001                ASSERT (((_vector_spacing == 0x0) || (SIZEOF (.vector_24) <= (_vector_spacing << 0x5))), function at exception vector 24 too large)

.vector_25      0x000000009fc01520        0x8
 *(.vector_25)
 .vector_25     0x000000009fc01520        0x8 c:/program files/microchip/xc32/v4.50/bin/bin/../../lib/gcc/pic32mx/8.3.1/../../../../pic32mx/lib\libpic32.a(vector25.o)
                0x000000009fc01520                __vector_dispatch_25
                0x0000000000000001                ASSERT (((_vector_spacing == 0x0) || (SIZEOF (.vector_25) <= (_vector_spacing << 0x5))), function at exception vector 25 too large)

.vector_26      0x000000009fc01540        0x8
 *(.vector_26)
 .vector_26     0x000000009fc01540        0x8 c:/program files/microchip/xc32/v4.50/bin/bin/../../lib/gcc/pic32mx/8.3.1/../../../../pic32mx/lib\libpic32.a(vector26.o)
                0x000000009fc01540                __vector_dispatch_26
                0x0000000000000001                ASSERT (((_vector_spacing == 0x0) || (SIZEOF (.vector_26) <= (_vector_spacing << 0x5))), function at exception vector 26 too large)

.vector_27      0x000000009fc01560        0x8
 *(.vector_27)
 .vector_27     0x000000009fc01560        0x8 c:/program files/microchip/xc32/v4.50/bin/bin/../../lib/gcc/pic32mx/8.3.1/../../../../pic32mx/lib\libpic32.a(vector27.o)
                0x000000009fc01560                __vector_dispatch_27
                0x0000000000000001                ASSERT (((_vector_spacing == 0x0) || (SIZEOF (.vector_27) <= (_vector_spacing << 0x5))), function at exception vector 27 too large)

.vector_28      0x000000009fc01580        0x8
 *(.vector_28)
 .vector_28     0x000000009fc01580        0x8 c:/program files/microchip/xc32/v4.50/bin/bin/../../lib/gcc/pic32mx/8.3.1/../../../../pic32mx/lib\libpic32.a(vector28.o)
                0x000000009fc01580                __vector_dispatch_28
                0x0000000000000001                ASSERT (((_vector_spacing == 0x0) || (SIZEOF (.vector_28) <= (_vector_spacing << 0x5))), function at exception vector 28 too large)

.vector_29      0x000000009fc015a0        0x8
 *(.vector_29)
 .vector_29     0x000000009fc015a0        0x8 c:/program files/microchip/xc32/v4.50/bin/bin/../../lib/gcc/pic32mx/8.3.1/../../../../pic32mx/lib\libpic32.a(vector29.o)
                0x000000009fc015a0                __vector_dispatch_29
                0x0000000000000001                ASSERT (((_vector_spacing == 0x0) || (SIZEOF (.vector_29) <= (_vector_spacing << 0x5))), function at exception vector 29 too large)

.vector_30      0x000000009fc015c0        0x8
 *(.vector_30)
 .vector_30     0x000000009fc015c0        0x8 c:/program files/microchip/xc32/v4.50/bin/bin/../../lib/gcc/pic32mx/8.3.1/../../../../pic32mx/lib\libpic32.a(vector30.o)
                0x000000009fc015c0                __vector_dispatch_30
                0x0000000000000001                ASSERT (((_vector_spacing == 0x0) || (SIZEOF (.vector_30) <= (_vector_spacing << 0x5))), function at exception vector 30 too large)

.vector_31      0x000000009fc015e0        0x8
 *(.vector_31)
 .vector_31     0x000000009fc015e0        0x8 c:/program files/microchip/xc32/v4.50/bin/bin/../../lib/gcc/pic32mx/8.3.1/../../../../pic32mx/lib\libpic32.a(vector31.o)
                0x000000009fc015e0                __vector_dispatch_31
                0x0000000000000001                ASSERT (((_vector_spacing == 0x0) || (SIZEOF (.vector_31) <= (_vector_spacing << 0x5))), function at exception vector 31 too large)

.vector_32      0x000000009fc01600        0x8
 *(.vector_32)
 .vector_32     0x000000009fc01600        0x8 c:/program files/microchip/xc32/v4.50/bin/bin/../../lib/gcc/pic32mx/8.3.1/../../../../pic32mx/lib\libpic32.a(vector32.o)
                0x000000009fc01600                __vector_dispatch_32
                0x0000000000000001                ASSERT (((_vector_spacing == 0x0) || (SIZEOF (.vector_32) <= (_vector_spacing << 0x5))), function at exception vector 32 too large)

.vector_33      0x000000009fc01620        0x8
 *(.vector_33)
 .vector_33     0x000000009fc01620        0x8 c:/program files/microchip/xc32/v4.50/bin/bin/../../lib/gcc/pic32mx/8.3.1/../../../../pic32mx/lib\libpic32.a(vector33.o)
                0x000000009fc01620                __vector_dispatch_33
                0x0000000000000001                ASSERT (((_vector_spacing == 0x0) || (SIZEOF (.vector_33) <= (_vector_spacing << 0x5))), function at exception vector 33 too large)

.vector_34      0x000000009fc01640        0x8
 *(.vector_34)
 .vector_34     0x000000009fc01640        0x8 c:/program files/microchip/xc32/v4.50/bin/bin/../../lib/gcc/pic32mx/8.3.1/../../../../pic32mx/lib\libpic32.a(vector34.o)
                0x000000009fc01640                __vector_dispatch_34
                0x0000000000000001                ASSERT (((_vector_spacing == 0x0) || (SIZEOF (.vector_34) <= (_vector_spacing << 0x5))), function at exception vector 34 too large)

.vector_35      0x000000009fc01660        0x8
 *(.vector_35)
 .vector_35     0x000000009fc01660        0x8 build/default/debug/_ext/1688732426/system_interrupt.o
                0x000000009fc01660                __vector_dispatch_35
                0x0000000000000001                ASSERT (((_vector_spacing == 0x0) || (SIZEOF (.vector_35) <= (_vector_spacing << 0x5))), function at exception vector 35 too large)

.vector_36      0x000000009fc01680        0x8
 *(.vector_36)
 .vector_36     0x000000009fc01680        0x8 c:/program files/microchip/xc32/v4.50/bin/bin/../../lib/gcc/pic32mx/8.3.1/../../../../pic32mx/lib\libpic32.a(vector36.o)
                0x000000009fc01680                __vector_dispatch_36
                0x0000000000000001                ASSERT (((_vector_spacing == 0x0) || (SIZEOF (.vector_36) <= (_vector_spacing << 0x5))), function at exception vector 36 too large)

.vector_37      0x000000009fc016a0        0x8
 *(.vector_37)
 .vector_37     0x000000009fc016a0        0x8 c:/program files/microchip/xc32/v4.50/bin/bin/../../lib/gcc/pic32mx/8.3.1/../../../../pic32mx/lib\libpic32.a(vector37.o)
                0x000000009fc016a0                __vector_dispatch_37
                0x0000000000000001                ASSERT (((_vector_spacing == 0x0) || (SIZEOF (.vector_37) <= (_vector_spacing << 0x5))), function at exception vector 37 too large)

.vector_38      0x000000009fc016c0        0x8
 *(.vector_38)
 .vector_38     0x000000009fc016c0        0x8 c:/program files/microchip/xc32/v4.50/bin/bin/../../lib/gcc/pic32mx/8.3.1/../../../../pic32mx/lib\libpic32.a(vector38.o)
                0x000000009fc016c0                __vector_dispatch_38
                0x0000000000000001                ASSERT (((_vector_spacing == 0x0) || (SIZEOF (.vector_38) <= (_vector_spacing << 0x5))), function at exception vector 38 too large)

.vector_39      0x000000009fc016e0        0x8
 *(.vector_39)
 .vector_39     0x000000009fc016e0        0x8 build/default/debug/_ext/1688732426/system_interrupt.o
                0x000000009fc016e0                __vector_dispatch_39
                0x0000000000000001                ASSERT (((_vector_spacing == 0x0) || (SIZEOF (.vector_39) <= (_vector_spacing << 0x5))), function at exception vector 39 too large)

.vector_40      0x000000009fc01700        0x8
 *(.vector_40)
 .vector_40     0x000000009fc01700        0x8 c:/program files/microchip/xc32/v4.50/bin/bin/../../lib/gcc/pic32mx/8.3.1/../../../../pic32mx/lib\libpic32.a(vector40.o)
                0x000000009fc01700                __vector_dispatch_40
                0x0000000000000001                ASSERT (((_vector_spacing == 0x0) || (SIZEOF (.vector_40) <= (_vector_spacing << 0x5))), function at exception vector 40 too large)

.vector_41      0x000000009fc01720        0x8
 *(.vector_41)
 .vector_41     0x000000009fc01720        0x8 c:/program files/microchip/xc32/v4.50/bin/bin/../../lib/gcc/pic32mx/8.3.1/../../../../pic32mx/lib\libpic32.a(vector41.o)
                0x000000009fc01720                __vector_dispatch_41
                0x0000000000000001                ASSERT (((_vector_spacing == 0x0) || (SIZEOF (.vector_41) <= (_vector_spacing << 0x5))), function at exception vector 41 too large)

.vector_42      0x000000009fc01740        0x8
 *(.vector_42)
 .vector_42     0x000000009fc01740        0x8 c:/program files/microchip/xc32/v4.50/bin/bin/../../lib/gcc/pic32mx/8.3.1/../../../../pic32mx/lib\libpic32.a(vector42.o)
                0x000000009fc01740                __vector_dispatch_42
                0x0000000000000001                ASSERT (((_vector_spacing == 0x0) || (SIZEOF (.vector_42) <= (_vector_spacing << 0x5))), function at exception vector 42 too large)

.vector_43      0x000000009fc01760        0x8
 *(.vector_43)
 .vector_43     0x000000009fc01760        0x8 c:/program files/microchip/xc32/v4.50/bin/bin/../../lib/gcc/pic32mx/8.3.1/../../../../pic32mx/lib\libpic32.a(vector43.o)
                0x000000009fc01760                __vector_dispatch_43
                0x0000000000000001                ASSERT (((_vector_spacing == 0x0) || (SIZEOF (.vector_43) <= (_vector_spacing << 0x5))), function at exception vector 43 too large)

.vector_44      0x000000009fc01780        0x8
 *(.vector_44)
 .vector_44     0x000000009fc01780        0x8 c:/program files/microchip/xc32/v4.50/bin/bin/../../lib/gcc/pic32mx/8.3.1/../../../../pic32mx/lib\libpic32.a(vector44.o)
                0x000000009fc01780                __vector_dispatch_44
                0x0000000000000001                ASSERT (((_vector_spacing == 0x0) || (SIZEOF (.vector_44) <= (_vector_spacing << 0x5))), function at exception vector 44 too large)

.vector_45      0x000000009fc017a0        0x8
 *(.vector_45)
 .vector_45     0x000000009fc017a0        0x8 c:/program files/microchip/xc32/v4.50/bin/bin/../../lib/gcc/pic32mx/8.3.1/../../../../pic32mx/lib\libpic32.a(vector45.o)
                0x000000009fc017a0                __vector_dispatch_45
                0x0000000000000001                ASSERT (((_vector_spacing == 0x0) || (SIZEOF (.vector_45) <= (_vector_spacing << 0x5))), function at exception vector 45 too large)

.vector_46      0x000000009fc017c0        0x0
 *(.vector_46)
                0x0000000000000001                ASSERT (((_vector_spacing == 0x0) || (SIZEOF (.vector_46) <= (_vector_spacing << 0x5))), function at exception vector 46 too large)

.vector_47      0x000000009fc017e0        0x0
 *(.vector_47)
                0x0000000000000001                ASSERT (((_vector_spacing == 0x0) || (SIZEOF (.vector_47) <= (_vector_spacing << 0x5))), function at exception vector 47 too large)

.vector_48      0x000000009fc01800        0x0
 *(.vector_48)
                0x0000000000000001                ASSERT (((_vector_spacing == 0x0) || (SIZEOF (.vector_48) <= (_vector_spacing << 0x5))), function at exception vector 48 too large)

.vector_49      0x000000009fc01820        0x0
 *(.vector_49)
                0x0000000000000001                ASSERT (((_vector_spacing == 0x0) || (SIZEOF (.vector_49) <= (_vector_spacing << 0x5))), function at exception vector 49 too large)

.vector_50      0x000000009fc01840        0x0
 *(.vector_50)
                0x0000000000000001                ASSERT (((_vector_spacing == 0x0) || (SIZEOF (.vector_50) <= (_vector_spacing << 0x5))), function at exception vector 50 too large)

.vector_51      0x000000009fc01860        0x0
 *(.vector_51)
                0x0000000000000001                ASSERT (((_vector_spacing == 0x0) || (SIZEOF (.vector_51) <= (_vector_spacing << 0x5))), function at exception vector 51 too large)

.vector_52      0x000000009fc01880        0x0
 *(.vector_52)
                0x0000000000000001                ASSERT (((_vector_spacing == 0x0) || (SIZEOF (.vector_52) <= (_vector_spacing << 0x5))), function at exception vector 52 too large)

.vector_53      0x000000009fc018a0        0x0
 *(.vector_53)
                0x0000000000000001                ASSERT (((_vector_spacing == 0x0) || (SIZEOF (.vector_53) <= (_vector_spacing << 0x5))), function at exception vector 53 too large)

.vector_54      0x000000009fc018c0        0x0
 *(.vector_54)
                0x0000000000000001                ASSERT (((_vector_spacing == 0x0) || (SIZEOF (.vector_54) <= (_vector_spacing << 0x5))), function at exception vector 54 too large)

.vector_55      0x000000009fc018e0        0x0
 *(.vector_55)
                0x0000000000000001                ASSERT (((_vector_spacing == 0x0) || (SIZEOF (.vector_55) <= (_vector_spacing << 0x5))), function at exception vector 55 too large)

.vector_56      0x000000009fc01900        0x0
 *(.vector_56)
                0x0000000000000001                ASSERT (((_vector_spacing == 0x0) || (SIZEOF (.vector_56) <= (_vector_spacing << 0x5))), function at exception vector 56 too large)

.vector_57      0x000000009fc01920        0x0
 *(.vector_57)
                0x0000000000000001                ASSERT (((_vector_spacing == 0x0) || (SIZEOF (.vector_57) <= (_vector_spacing << 0x5))), function at exception vector 57 too large)

.vector_58      0x000000009fc01940        0x0
 *(.vector_58)
                0x0000000000000001                ASSERT (((_vector_spacing == 0x0) || (SIZEOF (.vector_58) <= (_vector_spacing << 0x5))), function at exception vector 58 too large)

.vector_59      0x000000009fc01960        0x0
 *(.vector_59)
                0x0000000000000001                ASSERT (((_vector_spacing == 0x0) || (SIZEOF (.vector_59) <= (_vector_spacing << 0x5))), function at exception vector 59 too large)

.vector_60      0x000000009fc01980        0x0
 *(.vector_60)
                0x0000000000000001                ASSERT (((_vector_spacing == 0x0) || (SIZEOF (.vector_60) <= (_vector_spacing << 0x5))), function at exception vector 60 too large)

.vector_61      0x000000009fc019a0        0x0
 *(.vector_61)
                0x0000000000000001                ASSERT (((_vector_spacing == 0x0) || (SIZEOF (.vector_61) <= (_vector_spacing << 0x5))), function at exception vector 61 too large)

.vector_62      0x000000009fc019c0        0x0
 *(.vector_62)
                0x0000000000000001                ASSERT (((_vector_spacing == 0x0) || (SIZEOF (.vector_62) <= (_vector_spacing << 0x5))), function at exception vector 62 too large)

.vector_63      0x000000009fc019e0        0x0
 *(.vector_63)
                0x0000000000000001                ASSERT (((_vector_spacing == 0x0) || (SIZEOF (.vector_63) <= (_vector_spacing << 0x5))), function at exception vector 63 too large)

.startup
 *(.startup)

.text           0x000000009d000000        0x0
 *(.stub .gnu.linkonce.t.*)
 *(.text.*personality*)
 *(.mips16.fn.*)
 *(.mips16.call.*)
 *(.gnu.warning)
                0x000000009d000000                . = ALIGN (0x4)

.init           0x000000009d000000        0x0
 *crti.o(.init)
 *crtbegin.o(.init)
 *(EXCLUDE_FILE(*crtn.o *crtend?.o *crtend.o) .init)
 *crtend.o(.init)
 *crtn.o(.init)
                0x000000009d000000                . = ALIGN (0x4)

.fini           0x000000009d000000        0x0
 *(.fini)
                0x000000009d000000                . = ALIGN (0x4)

.preinit_array  0x000000009d000000        0x0
                [!provide]                        PROVIDE (__preinit_array_start = .)
 *(.preinit_array)
                [!provide]                        PROVIDE (__preinit_array_end = .)
                0x000000009d000000                . = ALIGN (0x4)

.init_array     0x000000009d000000        0x0
                [!provide]                        PROVIDE (__init_array_start = .)
 *(SORT_BY_NAME(.init_array.*))
 *(.init_array)
                [!provide]                        PROVIDE (__init_array_end = .)
                0x000000009d000000                . = ALIGN (0x4)

.fini_array     0x000000009d000000        0x0
                [!provide]                        PROVIDE (__fini_array_start = .)
 *(SORT_BY_NAME(.fini_array.*))
 *(.fini_array)
                [!provide]                        PROVIDE (__fini_array_end = .)
                0x000000009d000000                . = ALIGN (0x4)

.ctors          0x000000009d000000        0x0
 *crtbegin.o(.ctors)
 *crtbegin?.o(.ctors)
 *(EXCLUDE_FILE(*crtend?.o *crtend.o) .ctors)
 *(SORT_BY_NAME(.ctors.*))
 *(.ctors)
                0x000000009d000000                . = ALIGN (0x4)

.dtors          0x000000009d000000        0x0
 *crtbegin.o(.dtors)
 *crtbegin?.o(.dtors)
 *(EXCLUDE_FILE(*crtend?.o *crtend.o) .dtors)
 *(SORT_BY_NAME(.dtors.*))
 *(.dtors)
                0x000000009d000000                . = ALIGN (0x4)

.rodata         0x000000009d000000        0x0
 *(.gnu.linkonce.r.*)
 *(.rodata1)
                0x000000009d000000                . = ALIGN (0x4)

.sdata2         0x000000009d000000        0x0
 *(.sdata2 .sdata2.* .gnu.linkonce.s2.*)
                0x000000009d000000                . = ALIGN (0x4)

.sbss2          0x000000009d000000        0x0
 *(.sbss2 .sbss2.* .gnu.linkonce.sb2.*)
                0x000000009d000000                . = ALIGN (0x4)

.eh_frame_hdr
 *(.eh_frame_hdr)
                0x000000009d000000                . = ALIGN (0x4)

.eh_frame
 *(.eh_frame)
                0x000000009d000000                . = ALIGN (0x4)

.gcc_except_table
 *(.gcc_except_table .gcc_except_table.*)
                0x000000009d000000                . = ALIGN (0x4)

.dbg_data       0x00000000a0000200        0x0
                0x00000000a0000200                . = (. + DEFINED (_DEBUGGER)?0x200:0x0)

.jcr            0x00000000a0000200        0x0
 *(.jcr)
                0x00000000a0000200                . = ALIGN (0x4)

.eh_frame
 *(.eh_frame)
                0x00000000a0000200                . = ALIGN (0x4)

.gcc_except_table
 *(.gcc_except_table .gcc_except_table.*)
                0x00000000a0000200                . = ALIGN (0x4)

.persist        0x00000000a0000200        0x0
                0x00000000a0000200                _persist_begin = .
 *(.persist .persist.*)
                0x00000000a0000200                . = ALIGN (0x4)
                0x00000000a0000200                _persist_end = .

.data           0x00000000a0000200        0x0
 *(.gnu.linkonce.d.*)
 *(.data1)
                0x00000000a0000200                . = ALIGN (0x4)
                0x00000000a0000200                . = .
                0x00000000a00081f0                _gp = (ALIGN (0x10) + 0x7ff0)

.got            0x00000000a0000200        0x0
 *(.got.plt)
 *(.got)
                0x00000000a0000200                . = ALIGN (0x4)

.sdata          0x00000000a0000200       0x30
                0x00000000a0000200                _sdata_begin = .
 *(.sdata .sdata.* .gnu.linkonce.s.*)
 .sdata         0x00000000a0000200        0xb build/default/debug/_ext/996065237/drv_encx24j600_spi_bus.o
 *fill*         0x00000000a000020b        0x1 
 .sdata         0x00000000a000020c        0x2 build/default/debug/_ext/1728422854/drv_encx24j600_tx_packet.o
                0x00000000a000020c                lastPacketAddr
 *fill*         0x00000000a000020e        0x2 
 .sdata         0x00000000a0000210        0x6 build/default/debug/_ext/26143033/arp.o
 *fill*         0x00000000a0000216        0x2 
 .sdata         0x00000000a0000218        0x4 build/default/debug/_ext/26143033/tcpip_manager.o
 .sdata         0x00000000a000021c        0xc build/default/debug/_ext/1688732426/system_init.o
                0x00000000a000021c                consUsartInit0
                0x00000000a0000224                sysConsoleObjects
 .sdata         0x00000000a0000228        0x8 build/default/debug/_ext/1360937237/UDP_app.o
                0x00000000a0000230                . = ALIGN (0x4)
                0x00000000a0000230                _sdata_end = .

.lit8
 *(.lit8)

.lit4
 *(.lit4)
                0x00000000a0000230                . = ALIGN (0x4)
                0x00000000a0000230                _data_end = .
                0x00000000a0000230                _bss_begin = .

.sbss           0x00000000a0000230      0x108
                0x00000000a0000230                _sbss_begin = .
 *(.dynsbss)
 *(.sbss .sbss.* .gnu.linkonce.sb.*)
 .sbss          0x00000000a0000230        0x8 build/default/debug/_ext/1360937237/ssd.o
                0x00000000a0000234                digits
 .sbss          0x00000000a0000238       0x40 build/default/debug/_ext/1360937237/accel.o
                0x00000000a0000238                count_tableau
                0x00000000a000023a                count_40
                0x00000000a000023c                count_16
                0x00000000a000023e                count_send
                0x00000000a0000240                count
                0x00000000a0000242                accel_data_ready
                0x00000000a0000244                Tram_Send
                0x00000000a0000248                accelZ2
                0x00000000a000024c                accelY2
                0x00000000a0000250                accelX2
                0x00000000a0000254                NombreZ
                0x00000000a0000258                NombreY
                0x00000000a000025c                NombreX
                0x00000000a0000260                MoyenneZ
                0x00000000a0000264                MoyenneY
                0x00000000a0000268                MoyenneX
                0x00000000a000026c                accel_buffer
                0x00000000a0000274                fGRangeLSB
 .sbss          0x00000000a0000278        0x3 build/default/debug/rgbled.o
                0x00000000a0000278                bColB
                0x00000000a0000279                bColG
                0x00000000a000027a                bColR
 .sbss          0x00000000a000027b        0x1 build/default/debug/_ext/996065237/drv_encx24j600_spi_bus.o
 .sbss          0x00000000a000027c        0xc build/default/debug/_ext/820865379/drv_encx24j600_api.o
 .sbss          0x00000000a0000288        0x1 build/default/debug/_ext/915312864/drv_spi.o
 *fill*         0x00000000a0000289        0x3 
 .sbss          0x00000000a000028c        0x4 build/default/debug/_ext/1298913485/drv_tmr.o
 .sbss          0x00000000a0000290        0x2 build/default/debug/_ext/327000265/drv_usart_static_buffer_queue.o
 *fill*         0x00000000a0000292        0x2 
 .sbss          0x00000000a0000294       0x10 build/default/debug/_ext/2001008086/sys_command.o
 .sbss          0x00000000a00002a4        0x8 build/default/debug/_ext/340578644/sys_devcon.o
                0x00000000a00002a4                sysDevconObj
 .sbss          0x00000000a00002ac       0x1a build/default/debug/_ext/26143033/ipv4.o
                0x00000000a00002ac                _IPv4StayAssertLoop
 *fill*         0x00000000a00002c6        0x2 
 .sbss          0x00000000a00002c8       0x1c build/default/debug/_ext/26143033/udp.o
 .sbss          0x00000000a00002e4       0x24 build/default/debug/_ext/26143033/tcpip_manager.o
 .sbss          0x00000000a0000308        0x8 build/default/debug/_ext/26143033/tcpip_packet.o
 .sbss          0x00000000a0000310        0x8 build/default/debug/_ext/1688732426/system_init.o
                0x00000000a0000310                sysCmdInit
 .sbss          0x00000000a0000318        0xe build/default/debug/_ext/1360937237/app_commands.o
                0x00000000a0000318                UDP_bytes_received
                0x00000000a000031a                UDP_bytes_to_send
                0x00000000a000031c                UDP_Receive_Packet
                0x00000000a000031d                UDP_Send_Packet
                0x00000000a0000320                UDP_Port_Buffer
 *fill*         0x00000000a0000326        0x2 
 .sbss          0x00000000a0000328       0x10 build/default/debug/_ext/1360937237/main.o
                0x00000000a0000330                mainData
 *(.scommon)
                0x00000000a0000338                _sbss_end = .
                0x00000000a0000338                . = ALIGN (0x4)

.bss            0x00000000a0000338        0x0
 *(.dynbss)
 *(COMMON)
                0x00000000a0000338                . = ALIGN ((. != 0x0)?0x4:0x1)
                0x00000000a0000338                . = ALIGN (0x4)
                0x00000000a0000338                _end = .
                0x00000000a0000338                _bss_end = .
                0x0000000000020000                _bmxdudba_address = LENGTH (kseg1_data_mem)
                0x0000000000020000                _bmxdupba_address = LENGTH (kseg1_data_mem)

/DISCARD/
 *(.pdr)
 *(.rel.dyn)
 *(.note.GNU-stack)
 *(.note.GNU-stack)
 *(.gnu_debuglink)
 *(.gnu.lto_*)
 *(.discard)

.gptab.sdata
 *(.gptab.data)
 *(.gptab.sdata)

.gptab.sbss
 *(.gptab.bss)
 *(.gptab.sbss)

.mdebug.abi32   0x0000000000000000        0x0
 *(.mdebug.abi32)
 .mdebug.abi32  0x0000000000000000        0x0 c:/program files/microchip/xc32/v4.50/bin/bin/../../lib/gcc/pic32mx/8.3.1/../../../../pic32mx/lib\software-debug-break.o
 .mdebug.abi32  0x0000000000000000        0x0 build/default/debug/_ext/1360937237/led.o
 .mdebug.abi32  0x0000000000000000        0x0 build/default/debug/_ext/1360937237/ssd.o
 .mdebug.abi32  0x0000000000000000        0x0 build/default/debug/_ext/1360937237/accel.o
 .mdebug.abi32  0x0000000000000000        0x0 build/default/debug/_ext/1360937237/i2c.o
 .mdebug.abi32  0x0000000000000000        0x0 build/default/debug/_ext/1360937237/lcd.o
 .mdebug.abi32  0x0000000000000000        0x0 build/default/debug/rgbled.o
 .mdebug.abi32  0x0000000000000000        0x0 build/default/debug/_ext/996065237/drv_encx24j600_spi_bus.o
 .mdebug.abi32  0x0000000000000000        0x0 build/default/debug/_ext/1600828880/drv_encx24j600_closed_state.o
 .mdebug.abi32  0x0000000000000000        0x0 build/default/debug/_ext/472602724/drv_encx24j600_initialization_state.o
 .mdebug.abi32  0x0000000000000000        0x0 build/default/debug/_ext/472602724/drv_encx24j600_configure_state.o
 .mdebug.abi32  0x0000000000000000        0x0 build/default/debug/_ext/472602724/drv_encx24j600_detect_state.o
 .mdebug.abi32  0x0000000000000000        0x0 build/default/debug/_ext/472602724/drv_encx24j600_reset_state.o
 .mdebug.abi32  0x0000000000000000        0x0 build/default/debug/_ext/1728422854/drv_encx24j600_tx_packet.o
 .mdebug.abi32  0x0000000000000000        0x0 build/default/debug/_ext/1728422854/drv_encx24j600_rx_packet.o
 .mdebug.abi32  0x0000000000000000        0x0 build/default/debug/_ext/999618079/drv_encx24j600_running_state.o
 .mdebug.abi32  0x0000000000000000        0x0 build/default/debug/_ext/999618079/drv_encx24j600_change_duplex_state.o
 .mdebug.abi32  0x0000000000000000        0x0 build/default/debug/_ext/999618079/drv_encx24j600_check_int_state.o
 .mdebug.abi32  0x0000000000000000        0x0 build/default/debug/_ext/999618079/drv_encx24j600_check_status_state.o
 .mdebug.abi32  0x0000000000000000        0x0 build/default/debug/_ext/999618079/drv_encx24j600_check_tx_status_state.o
 .mdebug.abi32  0x0000000000000000        0x0 build/default/debug/_ext/999618079/drv_encx24j600_reset_rx_state.o
 .mdebug.abi32  0x0000000000000000        0x0 build/default/debug/_ext/820865379/drv_encx24j600_api.o
 .mdebug.abi32  0x0000000000000000        0x0 build/default/debug/_ext/820865379/drv_encx24j600_main_state.o
 .mdebug.abi32  0x0000000000000000        0x0 build/default/debug/_ext/820865379/drv_encx24j600_utils.o
 .mdebug.abi32  0x0000000000000000        0x0 build/default/debug/_ext/977502197/drv_spi_tasks.o
 .mdebug.abi32  0x0000000000000000        0x0 build/default/debug/_ext/977502197/drv_spi_api.o
 .mdebug.abi32  0x0000000000000000        0x0 build/default/debug/_ext/977502197/drv_spi_master_ebm_tasks.o
 .mdebug.abi32  0x0000000000000000        0x0 build/default/debug/_ext/915312864/drv_spi.o
 .mdebug.abi32  0x0000000000000000        0x0 build/default/debug/_ext/2077795248/drv_spi_sys_queue_fifo.o
 .mdebug.abi32  0x0000000000000000        0x0 build/default/debug/_ext/1298913485/drv_tmr.o
 .mdebug.abi32  0x0000000000000000        0x0 build/default/debug/_ext/327000265/drv_usart_mapping.o
 .mdebug.abi32  0x0000000000000000        0x0 build/default/debug/_ext/327000265/drv_usart_static.o
 .mdebug.abi32  0x0000000000000000        0x0 build/default/debug/_ext/327000265/drv_usart_static_buffer_queue.o
 .mdebug.abi32  0x0000000000000000        0x0 build/default/debug/_ext/327000265/drv_usart_static_read_write.o
 .mdebug.abi32  0x0000000000000000        0x0 build/default/debug/_ext/639803181/sys_clk_pic32mx.o
 .mdebug.abi32  0x0000000000000000        0x0 build/default/debug/_ext/2001008086/sys_command.o
 .mdebug.abi32  0x0000000000000000        0x0 build/default/debug/_ext/1544295906/sys_console.o
 .mdebug.abi32  0x0000000000000000        0x0 build/default/debug/_ext/1544295906/sys_console_uart.o
 .mdebug.abi32  0x0000000000000000        0x0 build/default/debug/_ext/340578644/sys_devcon.o
 .mdebug.abi32  0x0000000000000000        0x0 build/default/debug/_ext/340578644/sys_devcon_pic32mx.o
 .mdebug.abi32  0x0000000000000000        0x0 build/default/debug/_ext/1735427962/sys_int_pic32.o
 .mdebug.abi32  0x0000000000000000        0x0 build/default/debug/_ext/822048611/sys_ports_static.o
 .mdebug.abi32  0x0000000000000000        0x0 build/default/debug/_ext/327917790/sys_random.o
 .mdebug.abi32  0x0000000000000000        0x0 build/default/debug/_ext/68765530/sys_reset.o
 .mdebug.abi32  0x0000000000000000        0x0 build/default/debug/_ext/1417409628/sys_tmr.o
 .mdebug.abi32  0x0000000000000000        0x0 build/default/debug/_ext/1881663949/helpers.o
 .mdebug.abi32  0x0000000000000000        0x0 build/default/debug/_ext/26143033/ipv4.o
 .mdebug.abi32  0x0000000000000000        0x0 build/default/debug/_ext/26143033/udp.o
 .mdebug.abi32  0x0000000000000000        0x0 build/default/debug/_ext/26143033/tcpip_heap_alloc.o
 .mdebug.abi32  0x0000000000000000        0x0 build/default/debug/_ext/26143033/tcpip_heap_internal.o
 .mdebug.abi32  0x0000000000000000        0x0 build/default/debug/_ext/26143033/arp.o
 .mdebug.abi32  0x0000000000000000        0x0 build/default/debug/_ext/26143033/dns.o
 .mdebug.abi32  0x0000000000000000        0x0 build/default/debug/_ext/26143033/hash_fnv.o
 .mdebug.abi32  0x0000000000000000        0x0 build/default/debug/_ext/26143033/oahash.o
 .mdebug.abi32  0x0000000000000000        0x0 build/default/debug/_ext/26143033/tcpip_helpers.o
 .mdebug.abi32  0x0000000000000000        0x0 build/default/debug/_ext/26143033/tcpip_manager.o
 .mdebug.abi32  0x0000000000000000        0x0 build/default/debug/_ext/26143033/tcpip_notify.o
 .mdebug.abi32  0x0000000000000000        0x0 build/default/debug/_ext/26143033/tcpip_packet.o
 .mdebug.abi32  0x0000000000000000        0x0 build/default/debug/_ext/1688732426/system_init.o
 .mdebug.abi32  0x0000000000000000        0x0 build/default/debug/_ext/1688732426/system_interrupt.o
 .mdebug.abi32  0x0000000000000000        0x0 build/default/debug/_ext/1688732426/system_tasks.o
 .mdebug.abi32  0x0000000000000000        0x0 build/default/debug/_ext/1360937237/app_commands.o
 .mdebug.abi32  0x0000000000000000        0x0 build/default/debug/_ext/1360937237/UDP_app.o
 .mdebug.abi32  0x0000000000000000        0x0 build/default/debug/_ext/1360937237/main.o
 .mdebug.abi32  0x0000000000000000        0x0 c:/program files/microchip/xc32/v4.50/bin/bin/../../lib/gcc/pic32mx/8.3.1\libgcc.a(_udivdi3.o)
 .mdebug.abi32  0x0000000000000000        0x0 c:/program files/microchip/xc32/v4.50/bin/bin/../../lib/gcc/pic32mx/8.3.1\libgcc.a(floatunsisf.o)
 .mdebug.abi32  0x0000000000000000        0x0 c:/program files/microchip/xc32/v4.50/bin/bin/../../lib/gcc/pic32mx/8.3.1/../../../../pic32mx/lib\libpic32.a(default-bootstrap-exception-handler.o)
 .mdebug.abi32  0x0000000000000000        0x0 c:/program files/microchip/xc32/v4.50/bin/bin/../../lib/gcc/pic32mx/8.3.1/../../../../pic32mx/lib\libpic32.a(default-on-reset.o)
 .mdebug.abi32  0x0000000000000000        0x0 c:/program files/microchip/xc32/v4.50/bin/bin/../../lib/gcc/pic32mx/8.3.1/../../../../pic32mx/lib\libpic32.a(default-on-bootstrap.o)
 .mdebug.abi32  0x0000000000000000        0x0 c:/program files/microchip/xc32/v4.50/bin/bin/../../lib/gcc/pic32mx/8.3.1/../../../../pic32mx/lib\libpic32.a(default-general-exception-handler.o)
 .mdebug.abi32  0x0000000000000000        0x0 c:/program files/microchip/xc32/v4.50/bin/bin/../../lib/gcc/pic32mx/8.3.1/../../../../pic32mx/lib\libpic32.a(defaultinterrupt.o)
 .mdebug.abi32  0x0000000000000000        0x0 c:/program files/microchip/xc32/v4.50/bin/bin/../../lib/gcc/pic32mx/8.3.1/../../../../pic32mx/lib\libc-size-musl.a(memcpy.o)
 .mdebug.abi32  0x0000000000000000        0x0 c:/program files/microchip/xc32/v4.50/bin/bin/../../lib/gcc/pic32mx/8.3.1/../../../../pic32mx/lib\libc-size-musl.a(memset.o)
 .mdebug.abi32  0x0000000000000000        0x0 c:/program files/microchip/xc32/v4.50/bin/bin/../../lib/gcc/pic32mx/8.3.1/../../../../pic32mx/lib\libc-size-musl.a(strlen.o)
 .mdebug.abi32  0x0000000000000000        0x0 c:/program files/microchip/xc32/v4.50/bin/bin/../../lib/gcc/pic32mx/8.3.1/../../../../pic32mx/lib\libc-size-musl.a(strcmp.o)
 .mdebug.abi32  0x0000000000000000        0x0 c:/program files/microchip/xc32/v4.50/bin/bin/../../lib/gcc/pic32mx/8.3.1/../../../../pic32mx/lib\libc-size-musl.a(strcpy.o)
 .mdebug.abi32  0x0000000000000000        0x0 c:/program files/microchip/xc32/v4.50/bin/bin/../../lib/gcc/pic32mx/8.3.1/../../../../pic32mx/lib\libc-size-musl.a(strncpy.o)
 .mdebug.abi32  0x0000000000000000        0x0 c:/program files/microchip/xc32/v4.50/bin/bin/../../lib/gcc/pic32mx/8.3.1/../../../../pic32mx/lib\libc-size-musl.a(stpcpy.o)
 .mdebug.abi32  0x0000000000000000        0x0 c:/program files/microchip/xc32/v4.50/bin/bin/../../lib/gcc/pic32mx/8.3.1/../../../../pic32mx/lib\libc-size-musl.a(stpncpy.o)
 .mdebug.abi32  0x0000000000000000        0x0 c:/program files/microchip/xc32/v4.50/bin/bin/../../lib/gcc/pic32mx/8.3.1/../../../../pic32mx/lib\liblmalloc-musl.a(lite_calloc.o)
 .mdebug.abi32  0x0000000000000000        0x0 c:/program files/microchip/xc32/v4.50/bin/bin/../../lib/gcc/pic32mx/8.3.1/../../../../pic32mx/lib\liblmalloc-musl.a(lite_free.o)
 .mdebug.abi32  0x0000000000000000        0x0 c:/program files/microchip/xc32/v4.50/bin/bin/../../lib/gcc/pic32mx/8.3.1/../../../../pic32mx/lib\liblmalloc-musl.a(lite_malloc.o)
 .mdebug.abi32  0x0000000000000000        0x0 c:/program files/microchip/xc32/v4.50/bin/bin/../../lib/gcc/pic32mx/8.3.1/../../../../pic32mx/lib\libc-musl.a(isxdigit.o)
 .mdebug.abi32  0x0000000000000000        0x0 c:/program files/microchip/xc32/v4.50/bin/bin/../../lib/gcc/pic32mx/8.3.1/../../../../pic32mx/lib\libc-musl.a(toupper.o)
 .mdebug.abi32  0x0000000000000000        0x0 c:/program files/microchip/xc32/v4.50/bin/bin/../../lib/gcc/pic32mx/8.3.1/../../../../pic32mx/lib\libc-musl.a(expand_heap.o)
 .mdebug.abi32  0x0000000000000000        0x0 c:/program files/microchip/xc32/v4.50/bin/bin/../../lib/gcc/pic32mx/8.3.1/../../../../pic32mx/lib\libc-musl.a(rand.o)
 .mdebug.abi32  0x0000000000000000        0x0 c:/program files/microchip/xc32/v4.50/bin/bin/../../lib/gcc/pic32mx/8.3.1/../../../../pic32mx/lib\libc-musl.a(vsnprintf.o)
 .mdebug.abi32  0x0000000000000000        0x0 c:/program files/microchip/xc32/v4.50/bin/bin/../../lib/gcc/pic32mx/8.3.1/../../../../pic32mx/lib\libc-musl.a(snprintf.o)
 .mdebug.abi32  0x0000000000000000        0x0 c:/program files/microchip/xc32/v4.50/bin/bin/../../lib/gcc/pic32mx/8.3.1/../../../../pic32mx/lib\libc-musl.a(sprintf.o)
 .mdebug.abi32  0x0000000000000000        0x0 c:/program files/microchip/xc32/v4.50/bin/bin/../../lib/gcc/pic32mx/8.3.1/../../../../pic32mx/lib\libc-musl.a(vsprintf.o)
 .mdebug.abi32  0x0000000000000000        0x0 c:/program files/microchip/xc32/v4.50/bin/bin/../../lib/gcc/pic32mx/8.3.1/../../../../pic32mx/lib\libc-musl.a(atoi.o)
 .mdebug.abi32  0x0000000000000000        0x0 c:/program files/microchip/xc32/v4.50/bin/bin/../../lib/gcc/pic32mx/8.3.1/../../../../pic32mx/lib\libc-musl.a(strtol.o)
 .mdebug.abi32  0x0000000000000000        0x0 c:/program files/microchip/xc32/v4.50/bin/bin/../../lib/gcc/pic32mx/8.3.1/../../../../pic32mx/lib\libc-musl.a(intscan.o)
 .mdebug.abi32  0x0000000000000000        0x0 c:/program files/microchip/xc32/v4.50/bin/bin/../../lib/gcc/pic32mx/8.3.1/../../../../pic32mx/lib\libc-musl.a(shgetc.o)
 .mdebug.abi32  0x0000000000000000        0x0 c:/program files/microchip/xc32/v4.50/bin/bin/../../lib/gcc/pic32mx/8.3.1/../../../../pic32mx/lib\libc-musl.a(__uflow.o)
 .mdebug.abi32  0x0000000000000000        0x0 c:/program files/microchip/xc32/v4.50/bin/bin/../../lib/gcc/pic32mx/8.3.1/../../../../pic32mx/lib\libc-musl.a(vfprintf.o)
 .mdebug.abi32  0x0000000000000000        0x0 c:/program files/microchip/xc32/v4.50/bin/bin/../../lib/gcc/pic32mx/8.3.1/../../../../pic32mx/lib\libc-musl.a(__toread.o)
 .mdebug.abi32  0x0000000000000000        0x0 c:/program files/microchip/xc32/v4.50/bin/bin/../../lib/gcc/pic32mx/8.3.1/../../../../pic32mx/lib\libc-musl.a(__io_fmt_needed.o)
 .mdebug.abi32  0x0000000000000000        0x0 c:/program files/microchip/xc32/v4.50/bin/bin/../../lib/gcc/pic32mx/8.3.1/../../../../pic32mx/lib\libc-musl.a(__pop_float.o)
 .mdebug.abi32  0x0000000000000000        0x0 c:/program files/microchip/xc32/v4.50/bin/bin/../../lib/gcc/pic32mx/8.3.1/../../../../pic32mx/lib\libc-musl.a(__pop_int.o)
 .mdebug.abi32  0x0000000000000000        0x0 c:/program files/microchip/xc32/v4.50/bin/bin/../../lib/gcc/pic32mx/8.3.1/../../../../pic32mx/lib\libc-musl.a(__pop_ptr.o)
 .mdebug.abi32  0x0000000000000000        0x0 c:/program files/microchip/xc32/v4.50/bin/bin/../../lib/gcc/pic32mx/8.3.1/../../../../pic32mx/lib\libc-musl.a(__printf_core.o)
 .mdebug.abi32  0x0000000000000000        0x0 c:/program files/microchip/xc32/v4.50/bin/bin/../../lib/gcc/pic32mx/8.3.1/../../../../pic32mx/lib\libc-musl.a(__stdio_exit.o)
 .mdebug.abi32  0x0000000000000000        0x0 c:/program files/microchip/xc32/v4.50/bin/bin/../../lib/gcc/pic32mx/8.3.1/../../../../pic32mx/lib\libc-musl.a(tolower.o)
 .mdebug.abi32  0x0000000000000000        0x0 c:/program files/microchip/xc32/v4.50/bin/bin/../../lib/gcc/pic32mx/8.3.1/../../../../pic32mx/lib\libc-musl.a(__fmt_a.o)
 .mdebug.abi32  0x0000000000000000        0x0 c:/program files/microchip/xc32/v4.50/bin/bin/../../lib/gcc/pic32mx/8.3.1/../../../../pic32mx/lib\libc-musl.a(__fmt_d.o)
 .mdebug.abi32  0x0000000000000000        0x0 c:/program files/microchip/xc32/v4.50/bin/bin/../../lib/gcc/pic32mx/8.3.1/../../../../pic32mx/lib\libc-musl.a(__fmt_fp.o)
 .mdebug.abi32  0x0000000000000000        0x0 c:/program files/microchip/xc32/v4.50/bin/bin/../../lib/gcc/pic32mx/8.3.1/../../../../pic32mx/lib\libc-musl.a(__fmt_o.o)
 .mdebug.abi32  0x0000000000000000        0x0 c:/program files/microchip/xc32/v4.50/bin/bin/../../lib/gcc/pic32mx/8.3.1/../../../../pic32mx/lib\libc-musl.a(__fmt_s.o)
 .mdebug.abi32  0x0000000000000000        0x0 c:/program files/microchip/xc32/v4.50/bin/bin/../../lib/gcc/pic32mx/8.3.1/../../../../pic32mx/lib\libc-musl.a(__fmt_u.o)
 .mdebug.abi32  0x0000000000000000        0x0 c:/program files/microchip/xc32/v4.50/bin/bin/../../lib/gcc/pic32mx/8.3.1/../../../../pic32mx/lib\libc-musl.a(__fmt_x.o)
 .mdebug.abi32  0x0000000000000000        0x0 c:/program files/microchip/xc32/v4.50/bin/bin/../../lib/gcc/pic32mx/8.3.1/../../../../pic32mx/lib\libc-musl.a(__cvt_u.o)
 .mdebug.abi32  0x0000000000000000        0x0 c:/program files/microchip/xc32/v4.50/bin/bin/../../lib/gcc/pic32mx/8.3.1/../../../../pic32mx/lib\libm-musl.a(fma.o)
 .mdebug.abi32  0x0000000000000000        0x0 c:/program files/microchip/xc32/v4.50/bin/bin/../../lib/gcc/pic32mx/8.3.1/../../../../pic32mx/lib\libm-musl.a(scalbn.o)
 .mdebug.abi32  0x0000000000000000        0x0 c:/program files/microchip/xc32/v4.50/bin/bin/../../lib/gcc/pic32mx/8.3.1/../../../../pic32mx/lib\libpic32.a(sbrk.o)
 .mdebug.abi32  0x0000000000000000        0x0 c:/program files/microchip/xc32/v4.50/bin/bin/../../lib/gcc/pic32mx/8.3.1/../../../../pic32mx/lib\libpic32.a(errno.o)
 .mdebug.abi32  0x0000000000000000        0x0 c:/program files/microchip/xc32/v4.50/bin/bin/../../lib/gcc/pic32mx/8.3.1/../../../../pic32mx/lib\libe.a(_floatdidf.o)
 .mdebug.abi32  0x0000000000000000        0x0 c:/program files/microchip/xc32/v4.50/bin/bin/../../lib/gcc/pic32mx/8.3.1\libgcc.a(_lshrdi3.o)
 .mdebug.abi32  0x0000000000000000        0x0 c:/program files/microchip/xc32/v4.50/bin/bin/../../lib/gcc/pic32mx/8.3.1\libgcc.a(_ashldi3.o)
 .mdebug.abi32  0x0000000000000000        0x0 c:/program files/microchip/xc32/v4.50/bin/bin/../../lib/gcc/pic32mx/8.3.1\libgcc.a(_umoddi3.o)

.mdebug.abiN32
 *(.mdebug.abiN32)

.mdebug.abi64
 *(.mdebug.abi64)

.mdebug.abiO64
 *(.mdebug.abiO64)

.mdebug.eabi32
 *(.mdebug.eabi32)

.mdebug.eabi64
 *(.mdebug.eabi64)

.gcc_compiled_long32
 *(.gcc_compiled_long32)

.gcc_compiled_long64
 *(.gcc_compiled_long64)

.stab
 *(.stab)

.stabstr
 *(.stabstr)

.stab.excl
 *(.stab.excl)

.stab.exclstr
 *(.stab.exclstr)

.stab.index
 *(.stab.index)

.stab.indexstr
 *(.stab.indexstr)

.comment        0x0000000000000000      0x114
 *(.comment)
 .comment       0x0000000000000000       0x2b c:/program files/microchip/xc32/v4.50/bin/bin/../../lib/gcc/pic32mx/8.3.1/../../../../pic32mx/lib\software-debug-break.o
                                         0x2c (size before relaxing)
 .comment       0x000000000000002b       0x2c build/default/debug/_ext/1360937237/led.o
 .comment       0x000000000000002b       0x2c build/default/debug/_ext/1360937237/ssd.o
 .comment       0x000000000000002b       0x2c build/default/debug/_ext/1360937237/accel.o
 .comment       0x000000000000002b       0x2c build/default/debug/_ext/1360937237/i2c.o
 .comment       0x000000000000002b       0x2c build/default/debug/_ext/1360937237/lcd.o
 .comment       0x000000000000002b       0x2c build/default/debug/rgbled.o
 .comment       0x000000000000002b       0x2c build/default/debug/_ext/996065237/drv_encx24j600_spi_bus.o
 .comment       0x000000000000002b       0x2c build/default/debug/_ext/1600828880/drv_encx24j600_closed_state.o
 .comment       0x000000000000002b       0x2c build/default/debug/_ext/472602724/drv_encx24j600_initialization_state.o
 .comment       0x000000000000002b       0x2c build/default/debug/_ext/472602724/drv_encx24j600_configure_state.o
 .comment       0x000000000000002b       0x2c build/default/debug/_ext/472602724/drv_encx24j600_detect_state.o
 .comment       0x000000000000002b       0x2c build/default/debug/_ext/472602724/drv_encx24j600_reset_state.o
 .comment       0x000000000000002b       0x2c build/default/debug/_ext/1728422854/drv_encx24j600_tx_packet.o
 .comment       0x000000000000002b       0x2c build/default/debug/_ext/1728422854/drv_encx24j600_rx_packet.o
 .comment       0x000000000000002b       0x2c build/default/debug/_ext/999618079/drv_encx24j600_running_state.o
 .comment       0x000000000000002b       0x2c build/default/debug/_ext/999618079/drv_encx24j600_change_duplex_state.o
 .comment       0x000000000000002b       0x2c build/default/debug/_ext/999618079/drv_encx24j600_check_int_state.o
 .comment       0x000000000000002b       0x2c build/default/debug/_ext/999618079/drv_encx24j600_check_status_state.o
 .comment       0x000000000000002b       0x2c build/default/debug/_ext/999618079/drv_encx24j600_check_tx_status_state.o
 .comment       0x000000000000002b       0x2c build/default/debug/_ext/999618079/drv_encx24j600_reset_rx_state.o
 .comment       0x000000000000002b       0x2c build/default/debug/_ext/820865379/drv_encx24j600_api.o
 .comment       0x000000000000002b       0x2c build/default/debug/_ext/820865379/drv_encx24j600_main_state.o
 .comment       0x000000000000002b       0x2c build/default/debug/_ext/820865379/drv_encx24j600_utils.o
 .comment       0x000000000000002b       0x2c build/default/debug/_ext/977502197/drv_spi_tasks.o
 .comment       0x000000000000002b       0x2c build/default/debug/_ext/977502197/drv_spi_api.o
 .comment       0x000000000000002b       0x2c build/default/debug/_ext/977502197/drv_spi_master_ebm_tasks.o
 .comment       0x000000000000002b       0x2c build/default/debug/_ext/915312864/drv_spi.o
 .comment       0x000000000000002b       0x2c build/default/debug/_ext/2077795248/drv_spi_sys_queue_fifo.o
 .comment       0x000000000000002b       0x2c build/default/debug/_ext/1298913485/drv_tmr.o
 .comment       0x000000000000002b       0x2c build/default/debug/_ext/327000265/drv_usart_mapping.o
 .comment       0x000000000000002b       0x2c build/default/debug/_ext/327000265/drv_usart_static.o
 .comment       0x000000000000002b       0x2c build/default/debug/_ext/327000265/drv_usart_static_buffer_queue.o
 .comment       0x000000000000002b       0x2c build/default/debug/_ext/327000265/drv_usart_static_read_write.o
 .comment       0x000000000000002b       0x2c build/default/debug/_ext/639803181/sys_clk_pic32mx.o
 .comment       0x000000000000002b       0x2c build/default/debug/_ext/2001008086/sys_command.o
 .comment       0x000000000000002b       0x2c build/default/debug/_ext/1544295906/sys_console.o
 .comment       0x000000000000002b       0x2c build/default/debug/_ext/1544295906/sys_console_uart.o
 .comment       0x000000000000002b       0x2c build/default/debug/_ext/340578644/sys_devcon.o
 .comment       0x000000000000002b       0x2c build/default/debug/_ext/340578644/sys_devcon_pic32mx.o
 .comment       0x000000000000002b       0x2c build/default/debug/_ext/1735427962/sys_int_pic32.o
 .comment       0x000000000000002b       0x2c build/default/debug/_ext/822048611/sys_ports_static.o
 .comment       0x000000000000002b       0x2c build/default/debug/_ext/327917790/sys_random.o
 .comment       0x000000000000002b       0x2c build/default/debug/_ext/68765530/sys_reset.o
 .comment       0x000000000000002b       0x2c build/default/debug/_ext/1417409628/sys_tmr.o
 .comment       0x000000000000002b       0x2c build/default/debug/_ext/1881663949/helpers.o
 .comment       0x000000000000002b       0x2c build/default/debug/_ext/26143033/ipv4.o
 .comment       0x000000000000002b       0x2c build/default/debug/_ext/26143033/udp.o
 .comment       0x000000000000002b       0x2c build/default/debug/_ext/26143033/tcpip_heap_alloc.o
 .comment       0x000000000000002b       0x2c build/default/debug/_ext/26143033/tcpip_heap_internal.o
 .comment       0x000000000000002b       0x2c build/default/debug/_ext/26143033/arp.o
 .comment       0x000000000000002b       0x2c build/default/debug/_ext/26143033/dns.o
 .comment       0x000000000000002b       0x2c build/default/debug/_ext/26143033/hash_fnv.o
 .comment       0x000000000000002b       0x2c build/default/debug/_ext/26143033/oahash.o
 .comment       0x000000000000002b       0x2c build/default/debug/_ext/26143033/tcpip_helpers.o
 .comment       0x000000000000002b       0x2c build/default/debug/_ext/26143033/tcpip_manager.o
 .comment       0x000000000000002b       0x2c build/default/debug/_ext/26143033/tcpip_notify.o
 .comment       0x000000000000002b       0x2c build/default/debug/_ext/26143033/tcpip_packet.o
 .comment       0x000000000000002b       0x2c build/default/debug/_ext/1688732426/system_init.o
 .comment       0x000000000000002b       0x2c build/default/debug/_ext/1688732426/system_interrupt.o
 .comment       0x000000000000002b       0x2c build/default/debug/_ext/1688732426/system_tasks.o
 .comment       0x000000000000002b       0x2c build/default/debug/_ext/1360937237/app_commands.o
 .comment       0x000000000000002b       0x2c build/default/debug/_ext/1360937237/UDP_app.o
 .comment       0x000000000000002b       0x2c build/default/debug/_ext/1360937237/main.o
 .comment       0x000000000000002b       0x2c c:/program files/microchip/xc32/v4.50/bin/bin/../../lib/gcc/pic32mx/8.3.1\libgcc.a(_udivdi3.o)
 .comment       0x000000000000002b       0x2c c:/program files/microchip/xc32/v4.50/bin/bin/../../lib/gcc/pic32mx/8.3.1\libgcc.a(floatunsisf.o)
 .comment       0x000000000000002b       0x2c c:/program files/microchip/xc32/v4.50/bin/bin/../../lib/gcc/pic32mx/8.3.1/../../../../pic32mx/lib\libpic32.a(default-bootstrap-exception-handler.o)
 .comment       0x000000000000002b       0x2c c:/program files/microchip/xc32/v4.50/bin/bin/../../lib/gcc/pic32mx/8.3.1/../../../../pic32mx/lib\libpic32.a(default-on-reset.o)
 .comment       0x000000000000002b       0x2c c:/program files/microchip/xc32/v4.50/bin/bin/../../lib/gcc/pic32mx/8.3.1/../../../../pic32mx/lib\libpic32.a(default-on-bootstrap.o)
 .comment       0x000000000000002b       0x2c c:/program files/microchip/xc32/v4.50/bin/bin/../../lib/gcc/pic32mx/8.3.1/../../../../pic32mx/lib\libpic32.a(default-general-exception-handler.o)
 .comment       0x000000000000002b       0x2c c:/program files/microchip/xc32/v4.50/bin/bin/../../lib/gcc/pic32mx/8.3.1/../../../../pic32mx/lib\libpic32.a(defaultinterrupt.o)
 .comment       0x000000000000002b       0x2c c:/program files/microchip/xc32/v4.50/bin/bin/../../lib/gcc/pic32mx/8.3.1/../../../../pic32mx/lib\libc-size-musl.a(memcpy.o)
 .comment       0x000000000000002b       0x2c c:/program files/microchip/xc32/v4.50/bin/bin/../../lib/gcc/pic32mx/8.3.1/../../../../pic32mx/lib\libc-size-musl.a(memset.o)
 .comment       0x000000000000002b       0x2c c:/program files/microchip/xc32/v4.50/bin/bin/../../lib/gcc/pic32mx/8.3.1/../../../../pic32mx/lib\libc-size-musl.a(strlen.o)
 .comment       0x000000000000002b       0x2c c:/program files/microchip/xc32/v4.50/bin/bin/../../lib/gcc/pic32mx/8.3.1/../../../../pic32mx/lib\libc-size-musl.a(strcmp.o)
 .comment       0x000000000000002b       0x2c c:/program files/microchip/xc32/v4.50/bin/bin/../../lib/gcc/pic32mx/8.3.1/../../../../pic32mx/lib\libc-size-musl.a(strcpy.o)
 .comment       0x000000000000002b       0x2c c:/program files/microchip/xc32/v4.50/bin/bin/../../lib/gcc/pic32mx/8.3.1/../../../../pic32mx/lib\libc-size-musl.a(strncpy.o)
 .comment       0x000000000000002b       0x2c c:/program files/microchip/xc32/v4.50/bin/bin/../../lib/gcc/pic32mx/8.3.1/../../../../pic32mx/lib\libc-size-musl.a(stpcpy.o)
 .comment       0x000000000000002b       0x2c c:/program files/microchip/xc32/v4.50/bin/bin/../../lib/gcc/pic32mx/8.3.1/../../../../pic32mx/lib\libc-size-musl.a(stpncpy.o)
 .comment       0x000000000000002b       0x2c c:/program files/microchip/xc32/v4.50/bin/bin/../../lib/gcc/pic32mx/8.3.1/../../../../pic32mx/lib\liblmalloc-musl.a(lite_calloc.o)
 .comment       0x000000000000002b       0x2c c:/program files/microchip/xc32/v4.50/bin/bin/../../lib/gcc/pic32mx/8.3.1/../../../../pic32mx/lib\liblmalloc-musl.a(lite_free.o)
 .comment       0x000000000000002b       0x2c c:/program files/microchip/xc32/v4.50/bin/bin/../../lib/gcc/pic32mx/8.3.1/../../../../pic32mx/lib\liblmalloc-musl.a(lite_malloc.o)
 .comment       0x000000000000002b       0x2c c:/program files/microchip/xc32/v4.50/bin/bin/../../lib/gcc/pic32mx/8.3.1/../../../../pic32mx/lib\libc-musl.a(isxdigit.o)
 .comment       0x000000000000002b       0x2c c:/program files/microchip/xc32/v4.50/bin/bin/../../lib/gcc/pic32mx/8.3.1/../../../../pic32mx/lib\libc-musl.a(toupper.o)
 .comment       0x000000000000002b       0x2c c:/program files/microchip/xc32/v4.50/bin/bin/../../lib/gcc/pic32mx/8.3.1/../../../../pic32mx/lib\libc-musl.a(expand_heap.o)
 .comment       0x000000000000002b       0x2c c:/program files/microchip/xc32/v4.50/bin/bin/../../lib/gcc/pic32mx/8.3.1/../../../../pic32mx/lib\libc-musl.a(rand.o)
 .comment       0x000000000000002b       0x2c c:/program files/microchip/xc32/v4.50/bin/bin/../../lib/gcc/pic32mx/8.3.1/../../../../pic32mx/lib\libc-musl.a(vsnprintf.o)
 .comment       0x000000000000002b       0x2c c:/program files/microchip/xc32/v4.50/bin/bin/../../lib/gcc/pic32mx/8.3.1/../../../../pic32mx/lib\libc-musl.a(snprintf.o)
 .comment       0x000000000000002b       0x2c c:/program files/microchip/xc32/v4.50/bin/bin/../../lib/gcc/pic32mx/8.3.1/../../../../pic32mx/lib\libc-musl.a(sprintf.o)
 .comment       0x000000000000002b       0x2c c:/program files/microchip/xc32/v4.50/bin/bin/../../lib/gcc/pic32mx/8.3.1/../../../../pic32mx/lib\libc-musl.a(vsprintf.o)
 .comment       0x000000000000002b       0x2c c:/program files/microchip/xc32/v4.50/bin/bin/../../lib/gcc/pic32mx/8.3.1/../../../../pic32mx/lib\libc-musl.a(atoi.o)
 .comment       0x000000000000002b       0x2c c:/program files/microchip/xc32/v4.50/bin/bin/../../lib/gcc/pic32mx/8.3.1/../../../../pic32mx/lib\libc-musl.a(strtol.o)
 .comment       0x000000000000002b       0x2c c:/program files/microchip/xc32/v4.50/bin/bin/../../lib/gcc/pic32mx/8.3.1/../../../../pic32mx/lib\libc-musl.a(intscan.o)
 .comment       0x000000000000002b       0x2c c:/program files/microchip/xc32/v4.50/bin/bin/../../lib/gcc/pic32mx/8.3.1/../../../../pic32mx/lib\libc-musl.a(shgetc.o)
 .comment       0x000000000000002b       0x2c c:/program files/microchip/xc32/v4.50/bin/bin/../../lib/gcc/pic32mx/8.3.1/../../../../pic32mx/lib\libc-musl.a(__uflow.o)
 .comment       0x000000000000002b       0x2c c:/program files/microchip/xc32/v4.50/bin/bin/../../lib/gcc/pic32mx/8.3.1/../../../../pic32mx/lib\libc-musl.a(vfprintf.o)
 .comment       0x000000000000002b       0x2c c:/program files/microchip/xc32/v4.50/bin/bin/../../lib/gcc/pic32mx/8.3.1/../../../../pic32mx/lib\libc-musl.a(__toread.o)
 .comment       0x000000000000002b       0x2c c:/program files/microchip/xc32/v4.50/bin/bin/../../lib/gcc/pic32mx/8.3.1/../../../../pic32mx/lib\libc-musl.a(__io_fmt_needed.o)
 .comment       0x000000000000002b       0x2c c:/program files/microchip/xc32/v4.50/bin/bin/../../lib/gcc/pic32mx/8.3.1/../../../../pic32mx/lib\libc-musl.a(__pop_float.o)
 .comment       0x000000000000002b       0x2c c:/program files/microchip/xc32/v4.50/bin/bin/../../lib/gcc/pic32mx/8.3.1/../../../../pic32mx/lib\libc-musl.a(__pop_int.o)
 .comment       0x000000000000002b       0x2c c:/program files/microchip/xc32/v4.50/bin/bin/../../lib/gcc/pic32mx/8.3.1/../../../../pic32mx/lib\libc-musl.a(__pop_ptr.o)
 .comment       0x000000000000002b       0x2c c:/program files/microchip/xc32/v4.50/bin/bin/../../lib/gcc/pic32mx/8.3.1/../../../../pic32mx/lib\libc-musl.a(__printf_core.o)
 .comment       0x000000000000002b       0x2c c:/program files/microchip/xc32/v4.50/bin/bin/../../lib/gcc/pic32mx/8.3.1/../../../../pic32mx/lib\libc-musl.a(__stdio_exit.o)
 .comment       0x000000000000002b       0x2c c:/program files/microchip/xc32/v4.50/bin/bin/../../lib/gcc/pic32mx/8.3.1/../../../../pic32mx/lib\libc-musl.a(tolower.o)
 .comment       0x000000000000002b       0x2c c:/program files/microchip/xc32/v4.50/bin/bin/../../lib/gcc/pic32mx/8.3.1/../../../../pic32mx/lib\libc-musl.a(__fmt_a.o)
 .comment       0x000000000000002b       0x2c c:/program files/microchip/xc32/v4.50/bin/bin/../../lib/gcc/pic32mx/8.3.1/../../../../pic32mx/lib\libc-musl.a(__fmt_d.o)
 .comment       0x000000000000002b       0x2c c:/program files/microchip/xc32/v4.50/bin/bin/../../lib/gcc/pic32mx/8.3.1/../../../../pic32mx/lib\libc-musl.a(__fmt_fp.o)
 .comment       0x000000000000002b       0x2c c:/program files/microchip/xc32/v4.50/bin/bin/../../lib/gcc/pic32mx/8.3.1/../../../../pic32mx/lib\libc-musl.a(__fmt_o.o)
 .comment       0x000000000000002b       0x2c c:/program files/microchip/xc32/v4.50/bin/bin/../../lib/gcc/pic32mx/8.3.1/../../../../pic32mx/lib\libc-musl.a(__fmt_s.o)
 .comment       0x000000000000002b       0x2c c:/program files/microchip/xc32/v4.50/bin/bin/../../lib/gcc/pic32mx/8.3.1/../../../../pic32mx/lib\libc-musl.a(__fmt_u.o)
 .comment       0x000000000000002b       0x2c c:/program files/microchip/xc32/v4.50/bin/bin/../../lib/gcc/pic32mx/8.3.1/../../../../pic32mx/lib\libc-musl.a(__fmt_x.o)
 .comment       0x000000000000002b       0x2c c:/program files/microchip/xc32/v4.50/bin/bin/../../lib/gcc/pic32mx/8.3.1/../../../../pic32mx/lib\libc-musl.a(__cvt_u.o)
 .comment       0x000000000000002b       0x2c c:/program files/microchip/xc32/v4.50/bin/bin/../../lib/gcc/pic32mx/8.3.1/../../../../pic32mx/lib\libm-musl.a(fma.o)
 .comment       0x000000000000002b       0x2c c:/program files/microchip/xc32/v4.50/bin/bin/../../lib/gcc/pic32mx/8.3.1/../../../../pic32mx/lib\libm-musl.a(scalbn.o)
 .comment       0x000000000000002b       0x4b c:/program files/microchip/xc32/v4.50/bin/bin/../../lib/gcc/pic32mx/8.3.1/../../../../pic32mx/lib\libpic32.a(sbrk.o)
                                         0x77 (size before relaxing)
 .comment       0x0000000000000076       0x2c c:/program files/microchip/xc32/v4.50/bin/bin/../../lib/gcc/pic32mx/8.3.1/../../../../pic32mx/lib\libpic32.a(errno.o)
 .comment       0x0000000000000076       0x9e c:/program files/microchip/xc32/v4.50/bin/bin/../../lib/gcc/pic32mx/8.3.1/../../../../pic32mx/lib\libe.a(_floatdidf.o)
                                         0xca (size before relaxing)
 .comment       0x0000000000000114       0x2c c:/program files/microchip/xc32/v4.50/bin/bin/../../lib/gcc/pic32mx/8.3.1\libgcc.a(_lshrdi3.o)
 .comment       0x0000000000000114       0x2c c:/program files/microchip/xc32/v4.50/bin/bin/../../lib/gcc/pic32mx/8.3.1\libgcc.a(_ashldi3.o)
 .comment       0x0000000000000114       0x2c c:/program files/microchip/xc32/v4.50/bin/bin/../../lib/gcc/pic32mx/8.3.1\libgcc.a(_umoddi3.o)

.debug
 *.elf(.debug)
 *(.debug)

.line
 *.elf(.line)
 *(.line)

.debug_srcinfo
 *.elf(.debug_srcinfo)
 *(.debug_srcinfo)

.debug_sfnames
 *.elf(.debug_sfnames)
 *(.debug_sfnames)

.debug_aranges  0x0000000000000000     0x2610
 *.elf(.debug_aranges)
 *(.debug_aranges)
 .debug_aranges
                0x0000000000000000       0x20 c:/program files/microchip/xc32/v4.50/bin/bin/../../lib/gcc/pic32mx/8.3.1/../../../../pic32mx/lib\software-debug-break.o
 .debug_aranges
                0x0000000000000020       0x40 build/default/debug/_ext/1360937237/led.o
 .debug_aranges
                0x0000000000000060       0x58 build/default/debug/_ext/1360937237/ssd.o
 .debug_aranges
                0x00000000000000b8       0x88 build/default/debug/_ext/1360937237/accel.o
 .debug_aranges
                0x0000000000000140       0x38 build/default/debug/_ext/1360937237/i2c.o
 .debug_aranges
                0x0000000000000178       0xb0 build/default/debug/_ext/1360937237/lcd.o
 .debug_aranges
                0x0000000000000228       0x48 build/default/debug/rgbled.o
 .debug_aranges
                0x0000000000000270      0x118 build/default/debug/_ext/996065237/drv_encx24j600_spi_bus.o
 .debug_aranges
                0x0000000000000388       0x30 build/default/debug/_ext/1600828880/drv_encx24j600_closed_state.o
 .debug_aranges
                0x00000000000003b8       0x30 build/default/debug/_ext/472602724/drv_encx24j600_initialization_state.o
 .debug_aranges
                0x00000000000003e8       0x30 build/default/debug/_ext/472602724/drv_encx24j600_configure_state.o
 .debug_aranges
                0x0000000000000418       0x30 build/default/debug/_ext/472602724/drv_encx24j600_detect_state.o
 .debug_aranges
                0x0000000000000448       0x30 build/default/debug/_ext/472602724/drv_encx24j600_reset_state.o
 .debug_aranges
                0x0000000000000478       0x30 build/default/debug/_ext/1728422854/drv_encx24j600_tx_packet.o
 .debug_aranges
                0x00000000000004a8       0x38 build/default/debug/_ext/1728422854/drv_encx24j600_rx_packet.o
 .debug_aranges
                0x00000000000004e0       0x30 build/default/debug/_ext/999618079/drv_encx24j600_running_state.o
 .debug_aranges
                0x0000000000000510       0x30 build/default/debug/_ext/999618079/drv_encx24j600_change_duplex_state.o
 .debug_aranges
                0x0000000000000540       0x30 build/default/debug/_ext/999618079/drv_encx24j600_check_int_state.o
 .debug_aranges
                0x0000000000000570       0x30 build/default/debug/_ext/999618079/drv_encx24j600_check_status_state.o
 .debug_aranges
                0x00000000000005a0       0x30 build/default/debug/_ext/999618079/drv_encx24j600_check_tx_status_state.o
 .debug_aranges
                0x00000000000005d0       0x20 build/default/debug/_ext/999618079/drv_encx24j600_reset_rx_state.o
 .debug_aranges
                0x00000000000005f0       0xd8 build/default/debug/_ext/820865379/drv_encx24j600_api.o
 .debug_aranges
                0x00000000000006c8       0x20 build/default/debug/_ext/820865379/drv_encx24j600_main_state.o
 .debug_aranges
                0x00000000000006e8       0x28 build/default/debug/_ext/820865379/drv_encx24j600_utils.o
 .debug_aranges
                0x0000000000000710       0x20 build/default/debug/_ext/977502197/drv_spi_tasks.o
 .debug_aranges
                0x0000000000000730       0x28 build/default/debug/_ext/977502197/drv_spi_api.o
 .debug_aranges
                0x0000000000000758       0x28 build/default/debug/_ext/977502197/drv_spi_master_ebm_tasks.o
 .debug_aranges
                0x0000000000000780       0x98 build/default/debug/_ext/915312864/drv_spi.o
 .debug_aranges
                0x0000000000000818       0xd8 build/default/debug/_ext/2077795248/drv_spi_sys_queue_fifo.o
 .debug_aranges
                0x00000000000008f0      0x110 build/default/debug/_ext/1298913485/drv_tmr.o
 .debug_aranges
                0x0000000000000a00       0xc0 build/default/debug/_ext/327000265/drv_usart_mapping.o
 .debug_aranges
                0x0000000000000ac0       0xa0 build/default/debug/_ext/327000265/drv_usart_static.o
 .debug_aranges
                0x0000000000000b60       0x48 build/default/debug/_ext/327000265/drv_usart_static_buffer_queue.o
 .debug_aranges
                0x0000000000000ba8       0x28 build/default/debug/_ext/327000265/drv_usart_static_read_write.o
 .debug_aranges
                0x0000000000000bd0       0x50 build/default/debug/_ext/639803181/sys_clk_pic32mx.o
 .debug_aranges
                0x0000000000000c20       0xd0 build/default/debug/_ext/2001008086/sys_command.o
 .debug_aranges
                0x0000000000000cf0       0x60 build/default/debug/_ext/1544295906/sys_console.o
 .debug_aranges
                0x0000000000000d50       0x60 build/default/debug/_ext/1544295906/sys_console_uart.o
 .debug_aranges
                0x0000000000000db0       0x78 build/default/debug/_ext/340578644/sys_devcon.o
 .debug_aranges
                0x0000000000000e28       0x20 build/default/debug/_ext/340578644/sys_devcon_pic32mx.o
 .debug_aranges
                0x0000000000000e48       0x48 build/default/debug/_ext/1735427962/sys_int_pic32.o
 .debug_aranges
                0x0000000000000e90      0x148 build/default/debug/_ext/822048611/sys_ports_static.o
 .debug_aranges
                0x0000000000000fd8       0x38 build/default/debug/_ext/327917790/sys_random.o
 .debug_aranges
                0x0000000000001010       0x38 build/default/debug/_ext/68765530/sys_reset.o
 .debug_aranges
                0x0000000000001048       0xd0 build/default/debug/_ext/1417409628/sys_tmr.o
 .debug_aranges
                0x0000000000001118       0x40 build/default/debug/_ext/1881663949/helpers.o
 .debug_aranges
                0x0000000000001158       0xc0 build/default/debug/_ext/26143033/ipv4.o
 .debug_aranges
                0x0000000000001218      0x1b8 build/default/debug/_ext/26143033/udp.o
 .debug_aranges
                0x00000000000013d0       0x48 build/default/debug/_ext/26143033/tcpip_heap_alloc.o
 .debug_aranges
                0x0000000000001418       0x68 build/default/debug/_ext/26143033/tcpip_heap_internal.o
 .debug_aranges
                0x0000000000001480      0x110 build/default/debug/_ext/26143033/arp.o
 .debug_aranges
                0x0000000000001590       0x68 build/default/debug/_ext/26143033/dns.o
 .debug_aranges
                0x00000000000015f8       0x28 build/default/debug/_ext/26143033/hash_fnv.o
 .debug_aranges
                0x0000000000001620       0x50 build/default/debug/_ext/26143033/oahash.o
 .debug_aranges
                0x0000000000001670      0x210 build/default/debug/_ext/26143033/tcpip_helpers.o
 .debug_aranges
                0x0000000000001880       0x20 build/default/debug/_ext/26143033/tcpip_helper_c32.o
 .debug_aranges
                0x00000000000018a0      0x370 build/default/debug/_ext/26143033/tcpip_manager.o
 .debug_aranges
                0x0000000000001c10       0x40 build/default/debug/_ext/26143033/tcpip_notify.o
 .debug_aranges
                0x0000000000001c50       0x78 build/default/debug/_ext/26143033/tcpip_packet.o
 .debug_aranges
                0x0000000000001cc8       0x28 build/default/debug/_ext/1688732426/system_init.o
 .debug_aranges
                0x0000000000001cf0       0x38 build/default/debug/_ext/1688732426/system_interrupt.o
 .debug_aranges
                0x0000000000001d28       0x20 build/default/debug/_ext/1688732426/system_tasks.o
 .debug_aranges
                0x0000000000001d48       0x38 build/default/debug/_ext/1360937237/app_commands.o
 .debug_aranges
                0x0000000000001d80       0x40 build/default/debug/_ext/1360937237/UDP_app.o
 .debug_aranges
                0x0000000000001dc0       0x48 build/default/debug/_ext/1360937237/main.o
 .debug_aranges
                0x0000000000001e08       0x40 C:\Users\Flore\AppData\Local\Temp\ccmDto3m.o
 .debug_aranges
                0x0000000000001e48       0x20 c:/program files/microchip/xc32/v4.50/bin/bin/../../lib/gcc/pic32mx/8.3.1\libgcc.a(_udivdi3.o)
 .debug_aranges
                0x0000000000001e68       0x20 c:/program files/microchip/xc32/v4.50/bin/bin/../../lib/gcc/pic32mx/8.3.1\libgcc.a(floatunsisf.o)
 .debug_aranges
                0x0000000000001e88       0x20 c:/program files/microchip/xc32/v4.50/bin/bin/../../lib/gcc/pic32mx/8.3.1/../../../../pic32mx/lib\libpic32.a(default-bootstrap-exception-handler.o)
 .debug_aranges
                0x0000000000001ea8       0x20 c:/program files/microchip/xc32/v4.50/bin/bin/../../lib/gcc/pic32mx/8.3.1/../../../../pic32mx/lib\libpic32.a(default-on-reset.o)
 .debug_aranges
                0x0000000000001ec8       0x20 c:/program files/microchip/xc32/v4.50/bin/bin/../../lib/gcc/pic32mx/8.3.1/../../../../pic32mx/lib\libpic32.a(default-on-bootstrap.o)
 .debug_aranges
                0x0000000000001ee8       0x20 c:/program files/microchip/xc32/v4.50/bin/bin/../../lib/gcc/pic32mx/8.3.1/../../../../pic32mx/lib\libpic32.a(default-general-exception-handler.o)
 .debug_aranges
                0x0000000000001f08       0x20 c:/program files/microchip/xc32/v4.50/bin/bin/../../lib/gcc/pic32mx/8.3.1/../../../../pic32mx/lib\libpic32.a(defaultinterrupt.o)
 .debug_aranges
                0x0000000000001f28       0x20 c:/program files/microchip/xc32/v4.50/bin/bin/../../lib/gcc/pic32mx/8.3.1/../../../../pic32mx/lib\libc-size-musl.a(memcpy.o)
 .debug_aranges
                0x0000000000001f48       0x20 c:/program files/microchip/xc32/v4.50/bin/bin/../../lib/gcc/pic32mx/8.3.1/../../../../pic32mx/lib\libc-size-musl.a(memset.o)
 .debug_aranges
                0x0000000000001f68       0x20 c:/program files/microchip/xc32/v4.50/bin/bin/../../lib/gcc/pic32mx/8.3.1/../../../../pic32mx/lib\libc-size-musl.a(strlen.o)
 .debug_aranges
                0x0000000000001f88       0x20 c:/program files/microchip/xc32/v4.50/bin/bin/../../lib/gcc/pic32mx/8.3.1/../../../../pic32mx/lib\libc-size-musl.a(strcmp.o)
 .debug_aranges
                0x0000000000001fa8       0x20 c:/program files/microchip/xc32/v4.50/bin/bin/../../lib/gcc/pic32mx/8.3.1/../../../../pic32mx/lib\libc-size-musl.a(strcpy.o)
 .debug_aranges
                0x0000000000001fc8       0x20 c:/program files/microchip/xc32/v4.50/bin/bin/../../lib/gcc/pic32mx/8.3.1/../../../../pic32mx/lib\libc-size-musl.a(strncpy.o)
 .debug_aranges
                0x0000000000001fe8       0x20 c:/program files/microchip/xc32/v4.50/bin/bin/../../lib/gcc/pic32mx/8.3.1/../../../../pic32mx/lib\libc-size-musl.a(stpcpy.o)
 .debug_aranges
                0x0000000000002008       0x20 c:/program files/microchip/xc32/v4.50/bin/bin/../../lib/gcc/pic32mx/8.3.1/../../../../pic32mx/lib\libc-size-musl.a(stpncpy.o)
 .debug_aranges
                0x0000000000002028       0x20 c:/program files/microchip/xc32/v4.50/bin/bin/../../lib/gcc/pic32mx/8.3.1/../../../../pic32mx/lib\liblmalloc-musl.a(lite_calloc.o)
 .debug_aranges
                0x0000000000002048       0x30 c:/program files/microchip/xc32/v4.50/bin/bin/../../lib/gcc/pic32mx/8.3.1/../../../../pic32mx/lib\liblmalloc-musl.a(lite_free.o)
 .debug_aranges
                0x0000000000002078       0x20 c:/program files/microchip/xc32/v4.50/bin/bin/../../lib/gcc/pic32mx/8.3.1/../../../../pic32mx/lib\liblmalloc-musl.a(lite_malloc.o)
 .debug_aranges
                0x0000000000002098       0x28 c:/program files/microchip/xc32/v4.50/bin/bin/../../lib/gcc/pic32mx/8.3.1/../../../../pic32mx/lib\libc-musl.a(isxdigit.o)
 .debug_aranges
                0x00000000000020c0       0x28 c:/program files/microchip/xc32/v4.50/bin/bin/../../lib/gcc/pic32mx/8.3.1/../../../../pic32mx/lib\libc-musl.a(toupper.o)
 .debug_aranges
                0x00000000000020e8       0x20 c:/program files/microchip/xc32/v4.50/bin/bin/../../lib/gcc/pic32mx/8.3.1/../../../../pic32mx/lib\libc-musl.a(expand_heap.o)
 .debug_aranges
                0x0000000000002108       0x28 c:/program files/microchip/xc32/v4.50/bin/bin/../../lib/gcc/pic32mx/8.3.1/../../../../pic32mx/lib\libc-musl.a(rand.o)
 .debug_aranges
                0x0000000000002130       0x20 c:/program files/microchip/xc32/v4.50/bin/bin/../../lib/gcc/pic32mx/8.3.1/../../../../pic32mx/lib\libc-musl.a(vsnprintf.o)
 .debug_aranges
                0x0000000000002150       0x20 c:/program files/microchip/xc32/v4.50/bin/bin/../../lib/gcc/pic32mx/8.3.1/../../../../pic32mx/lib\libc-musl.a(snprintf.o)
 .debug_aranges
                0x0000000000002170       0x20 c:/program files/microchip/xc32/v4.50/bin/bin/../../lib/gcc/pic32mx/8.3.1/../../../../pic32mx/lib\libc-musl.a(sprintf.o)
 .debug_aranges
                0x0000000000002190       0x20 c:/program files/microchip/xc32/v4.50/bin/bin/../../lib/gcc/pic32mx/8.3.1/../../../../pic32mx/lib\libc-musl.a(vsprintf.o)
 .debug_aranges
                0x00000000000021b0       0x20 c:/program files/microchip/xc32/v4.50/bin/bin/../../lib/gcc/pic32mx/8.3.1/../../../../pic32mx/lib\libc-musl.a(atoi.o)
 .debug_aranges
                0x00000000000021d0       0x50 c:/program files/microchip/xc32/v4.50/bin/bin/../../lib/gcc/pic32mx/8.3.1/../../../../pic32mx/lib\libc-musl.a(strtol.o)
 .debug_aranges
                0x0000000000002220       0x20 c:/program files/microchip/xc32/v4.50/bin/bin/../../lib/gcc/pic32mx/8.3.1/../../../../pic32mx/lib\libc-musl.a(intscan.o)
 .debug_aranges
                0x0000000000002240       0x28 c:/program files/microchip/xc32/v4.50/bin/bin/../../lib/gcc/pic32mx/8.3.1/../../../../pic32mx/lib\libc-musl.a(shgetc.o)
 .debug_aranges
                0x0000000000002268       0x20 c:/program files/microchip/xc32/v4.50/bin/bin/../../lib/gcc/pic32mx/8.3.1/../../../../pic32mx/lib\libc-musl.a(__uflow.o)
 .debug_aranges
                0x0000000000002288       0x28 c:/program files/microchip/xc32/v4.50/bin/bin/../../lib/gcc/pic32mx/8.3.1/../../../../pic32mx/lib\libc-musl.a(vfprintf.o)
 .debug_aranges
                0x00000000000022b0       0x28 c:/program files/microchip/xc32/v4.50/bin/bin/../../lib/gcc/pic32mx/8.3.1/../../../../pic32mx/lib\libc-musl.a(__toread.o)
 .debug_aranges
                0x00000000000022d8       0x20 c:/program files/microchip/xc32/v4.50/bin/bin/../../lib/gcc/pic32mx/8.3.1/../../../../pic32mx/lib\libc-musl.a(__io_fmt_needed.o)
 .debug_aranges
                0x00000000000022f8       0x20 c:/program files/microchip/xc32/v4.50/bin/bin/../../lib/gcc/pic32mx/8.3.1/../../../../pic32mx/lib\libc-musl.a(__pop_float.o)
 .debug_aranges
                0x0000000000002318       0x20 c:/program files/microchip/xc32/v4.50/bin/bin/../../lib/gcc/pic32mx/8.3.1/../../../../pic32mx/lib\libc-musl.a(__pop_int.o)
 .debug_aranges
                0x0000000000002338       0x20 c:/program files/microchip/xc32/v4.50/bin/bin/../../lib/gcc/pic32mx/8.3.1/../../../../pic32mx/lib\libc-musl.a(__pop_ptr.o)
 .debug_aranges
                0x0000000000002358       0x50 c:/program files/microchip/xc32/v4.50/bin/bin/../../lib/gcc/pic32mx/8.3.1/../../../../pic32mx/lib\libc-musl.a(__printf_core.o)